******************************************************************************
                  TI ARM Linker PC v5.2.6                      
******************************************************************************
>> Linked Fri Nov 13 22:33:33 2015

OUTPUT FILE NAME:   <TM4C123G_C__02_LedBlink.out>
ENTRY POINT SYMBOL: "_c_int00"  address: 00000509


MEMORY CONFIGURATION

         name            origin    length      used     unused   attr    fill
----------------------  --------  ---------  --------  --------  ----  --------
  FLASH                 00000000   00040000  00000658  0003f9a8  R  X
  SRAM                  20000000   00008000  00000214  00007dec  RW X


SEGMENT ALLOCATION MAP

run origin  load origin   length   init length attrs members
----------  ----------- ---------- ----------- ----- -------
00000000    00000000    00000658   00000658    r-x
  00000000    00000000    0000026c   0000026c    r-- .intvecs
  0000026c    0000026c    000003cc   000003cc    r-x .text
  00000638    00000638    00000020   00000020    r-- .cinit
20000000    20000000    00000214   00000000    rw-
  20000000    20000000    00000200   00000000    rw- .stack
  20000200    20000200    00000014   00000000    rw- .data


SECTION ALLOCATION MAP

 output                                  attributes/
section   page    origin      length       input sections
--------  ----  ----------  ----------   ----------------
.intvecs   0    00000000    0000026c     
                  00000000    0000026c     tm4c1231h6pm_startup_ccs.obj (.intvecs)

.text      0    0000026c    000003cc     
                  0000026c    000000ac     main.obj (.text)
                  00000318    0000009c     rtsv7M4_T_le_v4SPD16_eabi.lib : memcpy_t2.obj (.text)
                  000003b4    0000007a                                   : memset_t2.obj (.text)
                  0000042e    00000002     --HOLE-- [fill = 0]
                  00000430    0000006c                                   : autoinit.obj (.text)
                  0000049c    0000006a                                   : copy_decompress_rle.obj (.text)
                  00000506    00000002     --HOLE-- [fill = 0]
                  00000508    00000050                                   : boot.obj (.text)
                  00000558    0000004c                                   : cpy_tbl.obj (.text)
                  000005a4    00000044                                   : exit.obj (.text)
                  000005e8    00000018                                   : args_main.obj (.text)
                  00000600    00000014                                   : _lock.obj (.text)
                  00000614    0000000e                                   : copy_decompress_none.obj (.text:decompress:none)
                  00000622    0000000c     tm4c1231h6pm_startup_ccs.obj (.text)
                  0000062e    00000006     rtsv7M4_T_le_v4SPD16_eabi.lib : copy_decompress_rle.obj (.text:decompress:rle24)
                  00000634    00000004                                   : pre_init.obj (.text)

.cinit     0    00000638    00000020     
                  00000638    0000000f     (.cinit..data.load) [load image, compression = rle]
                  00000647    00000001     --HOLE-- [fill = 0]
                  00000648    00000008     (__TI_handler_table)
                  00000650    00000008     (__TI_cinit_table)

.init_array 
*          0    00000000    00000000     UNINITIALIZED

.stack     0    20000000    00000200     UNINITIALIZED
                  20000000    00000200     --HOLE--

.data      0    20000200    00000014     UNINITIALIZED
                  20000200    00000008     rtsv7M4_T_le_v4SPD16_eabi.lib : _lock.obj (.data)
                  20000208    00000008                                   : exit.obj (.data)
                  20000210    00000004                                   : stkdepth_vars.obj (.data)

.TI.persistent 
*          0    20000200    00000000     UNINITIALIZED


LINKER GENERATED COPY TABLES

__TI_cinit_table @ 00000650 records: 1, size/record: 8, table size: 8
	.data: load addr=00000638, load size=0000000f bytes, run addr=20000200, run size=00000014 bytes, compression=rle


LINKER GENERATED HANDLER TABLE

__TI_handler_table @ 00000648 records: 2, size/record: 4, table size: 8
	index: 0, handler: __TI_decompress_rle24
	index: 1, handler: __TI_decompress_none


GLOBAL SYMBOLS: SORTED ALPHABETICALLY BY Name 

address   name                    
-------   ----                    
000005a5  C$$EXIT                 
000002f5  Led0Off                 
000002e9  Led0On                  
000002b5  LedInit                 
00000623  ResetISR                
UNDEFED   SHT$$INIT_ARRAY$$Base   
UNDEFED   SHT$$INIT_ARRAY$$Limit  
0000028d  SoftDelay               
20000200  __STACK_END             
00000200  __STACK_SIZE            
20000200  __STACK_TOP             
00000650  __TI_CINIT_Base         
00000658  __TI_CINIT_Limit        
00000648  __TI_Handler_Table_Base 
00000650  __TI_Handler_Table_Limit
00000431  __TI_auto_init          
20000208  __TI_cleanup_ptr        
00000615  __TI_decompress_none    
0000062f  __TI_decompress_rle24   
2000020c  __TI_dtors_ptr          
00000000  __TI_static_base__      
000003b5  __aeabi_memclr          
000003b5  __aeabi_memclr4         
000003b5  __aeabi_memclr8         
00000319  __aeabi_memcpy          
00000319  __aeabi_memcpy4         
00000319  __aeabi_memcpy8         
000003b7  __aeabi_memset          
000003b7  __aeabi_memset4         
000003b7  __aeabi_memset8         
ffffffff  __binit__               
ffffffff  __c_args__              
20000000  __stack                 
000005e9  _args_main              
00000509  _c_int00                
20000200  _lock                   
0000060f  _nop                    
00000607  _register_lock          
00000601  _register_unlock        
00000635  _system_pre_init        
20000204  _unlock                 
000005a9  abort                   
ffffffff  binit                   
00000559  copy_in                 
000005b1  exit                    
00000000  g_pfnVectors            
0000026d  main                    
20000210  main_func_sp            
00000319  memcpy                  
000003bd  memset                  


GLOBAL SYMBOLS: SORTED BY Symbol Address 

address   name                    
-------   ----                    
00000000  __TI_static_base__      
00000000  g_pfnVectors            
00000200  __STACK_SIZE            
0000026d  main                    
0000028d  SoftDelay               
000002b5  LedInit                 
000002e9  Led0On                  
000002f5  Led0Off                 
00000319  __aeabi_memcpy          
00000319  __aeabi_memcpy4         
00000319  __aeabi_memcpy8         
00000319  memcpy                  
000003b5  __aeabi_memclr          
000003b5  __aeabi_memclr4         
000003b5  __aeabi_memclr8         
000003b7  __aeabi_memset          
000003b7  __aeabi_memset4         
000003b7  __aeabi_memset8         
000003bd  memset                  
00000431  __TI_auto_init          
00000509  _c_int00                
00000559  copy_in                 
000005a5  C$$EXIT                 
000005a9  abort                   
000005b1  exit                    
000005e9  _args_main              
00000601  _register_unlock        
00000607  _register_lock          
0000060f  _nop                    
00000615  __TI_decompress_none    
00000623  ResetISR                
0000062f  __TI_decompress_rle24   
00000635  _system_pre_init        
00000648  __TI_Handler_Table_Base 
00000650  __TI_CINIT_Base         
00000650  __TI_Handler_Table_Limit
00000658  __TI_CINIT_Limit        
20000000  __stack                 
20000200  __STACK_END             
20000200  __STACK_TOP             
20000200  _lock                   
20000204  _unlock                 
20000208  __TI_cleanup_ptr        
2000020c  __TI_dtors_ptr          
20000210  main_func_sp            
ffffffff  __binit__               
ffffffff  __c_args__              
ffffffff  binit                   
UNDEFED   SHT$$INIT_ARRAY$$Base   
UNDEFED   SHT$$INIT_ARRAY$$Limit  

[50 symbols]
