Component: ARM Compiler 5.06 (build 20) Tool: armlink [4d35a3]

==============================================================================

Section Cross References

    startup_rvmdk.o(RESET) refers to startup_rvmdk.o(STACK) for StackMem
    startup_rvmdk.o(RESET) refers to entry.o(.ARM.Collect$$$$00000000) for __main
    main.o(i.main) refers to sysctl.o(i.SysCtlClockSet) for SysCtlClockSet
    main.o(i.main) refers to fbcp.o(i.L1_2_PcToMicro_Init) for L1_2_PcToMicro_Init
    main.o(i.main) refers to fbcp.o(i.L1_MicroToMicro_Init) for L1_MicroToMicro_Init
    main.o(i.main) refers to led.o(i.LedInit) for LedInit
    main.o(i.main) refers to puls.o(i.PulsInit) for PulsInit
    main.o(i.main) refers to led.o(i.LedGreenOn) for LedGreenOn
    main.o(i.main) refers to puls.o(i.P1Press) for P1Press
    main.o(i.main) refers to uart.o(i.Uart00_Test) for Uart00_Test
    main.o(i.main) refers to led.o(i.LedGreenOff) for LedGreenOff
    main.o(i.main) refers to fbcp.o(i.L1_2_PcToMicro_Rx_Task) for L1_2_PcToMicro_Rx_Task
    main.o(i.main) refers to fbcp.o(i.L7_PcToMicro_Task) for L7_PcToMicro_Task
    main.o(i.main) refers to fbcp.o(i.L1_MicroToMicro_RxTask) for L1_MicroToMicro_RxTask
    main.o(i.main) refers to fbcp.o(i.L1_MicroToMicro_TxTask) for L1_MicroToMicro_TxTask
    led.o(i.Led0Off) refers to led.o(i.LedRedOff) for LedRedOff
    led.o(i.Led0On) refers to led.o(i.LedRedOn) for LedRedOn
    led.o(i.Led0Toggle) refers to led.o(i.LedRedToggle) for LedRedToggle
    led.o(i.Led1Off) refers to led.o(i.LedBlueOff) for LedBlueOff
    led.o(i.Led1On) refers to led.o(i.LedBlueOn) for LedBlueOn
    led.o(i.Led1Toggle) refers to led.o(i.LedBlueToggle) for LedBlueToggle
    led.o(i.Led2Off) refers to led.o(i.LedGreenOff) for LedGreenOff
    led.o(i.Led2On) refers to led.o(i.LedGreenOn) for LedGreenOn
    led.o(i.Led2Toggle) refers to led.o(i.LedGreenToggle) for LedGreenToggle
    led.o(i.Led3Off) refers to led.o(i.LedWhiteOff) for LedWhiteOff
    led.o(i.Led3On) refers to led.o(i.LedWhiteOn) for LedWhiteOn
    led.o(i.Led3Toggle) refers to led.o(i.LedWhiteToggle) for LedWhiteToggle
    led.o(i.LedBlink) refers to led.o(i.LedHex) for LedHex
    led.o(i.LedBlink) refers to systick.o(i.DelayMs) for DelayMs
    led.o(i.LedBlink) refers to led.o(i.LedOff) for LedOff
    led.o(i.LedHex) refers to led.o(i.LedRedOn) for LedRedOn
    led.o(i.LedHex) refers to led.o(i.LedRedOff) for LedRedOff
    led.o(i.LedHex) refers to led.o(i.LedBlueOn) for LedBlueOn
    led.o(i.LedHex) refers to led.o(i.LedBlueOff) for LedBlueOff
    led.o(i.LedHex) refers to led.o(i.LedGreenOn) for LedGreenOn
    led.o(i.LedHex) refers to led.o(i.LedGreenOff) for LedGreenOff
    led.o(i.LedHex) refers to led.o(i.LedWhiteOn) for LedWhiteOn
    led.o(i.LedHex) refers to led.o(i.LedWhiteOff) for LedWhiteOff
    led.o(i.LedInit) refers to sysctl.o(i.SysCtlPeripheralEnable) for SysCtlPeripheralEnable
    led.o(i.LedInit) refers to gpio.o(i.GPIOPinTypeGPIOOutput) for GPIOPinTypeGPIOOutput
    led.o(i.LedOff) refers to led.o(i.LedRedOff) for LedRedOff
    led.o(i.LedOff) refers to led.o(i.LedBlueOff) for LedBlueOff
    led.o(i.LedOff) refers to led.o(i.LedGreenOff) for LedGreenOff
    led.o(i.LedOff) refers to led.o(i.LedWhiteOff) for LedWhiteOff
    led.o(i.LedOn) refers to led.o(i.LedRedOn) for LedRedOn
    led.o(i.LedOn) refers to led.o(i.LedBlueOn) for LedBlueOn
    led.o(i.LedOn) refers to led.o(i.LedGreenOn) for LedGreenOn
    led.o(i.LedOn) refers to led.o(i.LedWhiteOn) for LedWhiteOn
    led.o(i.LedTest) refers to led.o(i.LedRedOn) for LedRedOn
    led.o(i.LedTest) refers to systick.o(i.DelayMs) for DelayMs
    led.o(i.LedTest) refers to led.o(i.LedRedOff) for LedRedOff
    led.o(i.LedTest) refers to led.o(i.LedBlueOn) for LedBlueOn
    led.o(i.LedTest) refers to led.o(i.LedBlueOff) for LedBlueOff
    led.o(i.LedTest) refers to led.o(i.LedGreenOn) for LedGreenOn
    led.o(i.LedTest) refers to led.o(i.LedGreenOff) for LedGreenOff
    led.o(i.LedTest) refers to led.o(i.LedWhiteOn) for LedWhiteOn
    led.o(i.LedTest) refers to led.o(i.LedWhiteOff) for LedWhiteOff
    led.o(i.LedTest2) refers to led.o(i.LedBlink) for LedBlink
    led.o(i.LedTest2) refers to led.o(i.LedHex) for LedHex
    led.o(i.LedTest2) refers to systick.o(i.DelayMs) for DelayMs
    led.o(i.LedTest2) refers to led.o(i.LedOff) for LedOff
    led.o(i.LedWhiteOff) refers to led.o(i.LedRedOff) for LedRedOff
    led.o(i.LedWhiteOff) refers to led.o(i.LedBlueOff) for LedBlueOff
    led.o(i.LedWhiteOff) refers to led.o(i.LedGreenOff) for LedGreenOff
    led.o(i.LedWhiteOn) refers to led.o(i.LedRedOn) for LedRedOn
    led.o(i.LedWhiteOn) refers to led.o(i.LedBlueOn) for LedBlueOn
    led.o(i.LedWhiteOn) refers to led.o(i.LedGreenOn) for LedGreenOn
    led.o(i.LedWhiteToggle) refers to led.o(i.LedRedToggle) for LedRedToggle
    led.o(i.LedWhiteToggle) refers to led.o(i.LedBlueToggle) for LedBlueToggle
    led.o(i.LedWhiteToggle) refers to led.o(i.LedGreenToggle) for LedGreenToggle
    uart.o(i.Uart00_Init) refers to sysctl.o(i.SysCtlPeripheralEnable) for SysCtlPeripheralEnable
    uart.o(i.Uart00_Init) refers to gpio.o(i.GPIOPinConfigure) for GPIOPinConfigure
    uart.o(i.Uart00_Init) refers to gpio.o(i.GPIOPinTypeUART) for GPIOPinTypeUART
    uart.o(i.Uart00_Init) refers to uart.o(i.UARTClockSourceSet) for UARTClockSourceSet
    uart.o(i.Uart00_Init) refers to sysctl.o(i.SysCtlClockGet) for SysCtlClockGet
    uart.o(i.Uart00_Init) refers to uartstdio.o(i.UARTStdioConfig) for UARTStdioConfig
    uart.o(i.Uart00_Test) refers to uart.o(i.UARTCharPut) for UARTCharPut
    uart.o(i.Uart00_Test) refers to uart.o(i.UARTCharGet) for UARTCharGet
    uart.o(i.Uart01_Init) refers to sysctl.o(i.SysCtlPeripheralEnable) for SysCtlPeripheralEnable
    uart.o(i.Uart01_Init) refers to gpio.o(i.GPIOPinConfigure) for GPIOPinConfigure
    uart.o(i.Uart01_Init) refers to gpio.o(i.GPIOPinTypeUART) for GPIOPinTypeUART
    uart.o(i.Uart01_Init) refers to uart.o(i.UARTClockSourceSet) for UARTClockSourceSet
    uart.o(i.Uart01_Init) refers to sysctl.o(i.SysCtlClockGet) for SysCtlClockGet
    uart.o(i.Uart01_Init) refers to uart.o(i.UARTConfigSetExpClk) for UARTConfigSetExpClk
    fbcp.o(i.L1_2_PcToMicro_Init) refers to uart.o(i.Uart00_Init) for Uart00_Init
    fbcp.o(i.L1_2_PcToMicro_Init) refers to uartstdio.o(i.UARTprintf) for UARTprintf
    fbcp.o(i.L1_2_PcToMicro_Init) refers to fbcp.o(.data) for .data
    fbcp.o(i.L1_2_PcToMicro_Init) refers to fbcp.o(.conststring) for .conststring
    fbcp.o(i.L1_2_PcToMicro_Rx_Task) refers to uart.o(i.UARTCharsAvail) for UARTCharsAvail
    fbcp.o(i.L1_2_PcToMicro_Rx_Task) refers to uart.o(i.UARTCharGetNonBlocking) for UARTCharGetNonBlocking
    fbcp.o(i.L1_2_PcToMicro_Rx_Task) refers to uart.o(i.UARTCharPut) for UARTCharPut
    fbcp.o(i.L1_2_PcToMicro_Rx_Task) refers to fbcp.o(.bss) for .bss
    fbcp.o(i.L1_2_PcToMicro_Rx_Task) refers to fbcp.o(.data) for .data
    fbcp.o(i.L1_MicroToMicro_Init) refers to uart.o(i.Uart01_Init) for Uart01_Init
    fbcp.o(i.L1_MicroToMicro_RxTask) refers to uart.o(i.UARTCharsAvail) for UARTCharsAvail
    fbcp.o(i.L1_MicroToMicro_RxTask) refers to uart.o(i.UARTCharGet) for UARTCharGet
    fbcp.o(i.L1_MicroToMicro_RxTask) refers to led.o(i.LedBlueOff) for LedBlueOff
    fbcp.o(i.L1_MicroToMicro_RxTask) refers to led.o(i.LedBlueOn) for LedBlueOn
    fbcp.o(i.L1_MicroToMicro_TxTask) refers to puls.o(i.P1Press) for P1Press
    fbcp.o(i.L1_MicroToMicro_TxTask) refers to uart.o(i.UARTCharPut) for UARTCharPut
    fbcp.o(i.L1_MicroToMicro_TxTask) refers to puls.o(i.P2Press) for P2Press
    fbcp.o(i.L7_PcToMicro_Task) refers to led.o(i.LedRedOn) for LedRedOn
    fbcp.o(i.L7_PcToMicro_Task) refers to led.o(i.LedBlueOn) for LedBlueOn
    fbcp.o(i.L7_PcToMicro_Task) refers to led.o(i.LedOff) for LedOff
    fbcp.o(i.L7_PcToMicro_Task) refers to fbcp.o(.data) for .data
    fbcp.o(i.L7_PcToMicro_Task) refers to fbcp.o(.bss) for .bss
    puls.o(i.P1Click) refers to puls.o(i.P1LPress) for P1LPress
    puls.o(i.P1Click) refers to systick.o(i.DelayMs) for DelayMs
    puls.o(i.P1Click) refers to puls.o(i.P1Press) for P1Press
    puls.o(i.P1LLPress) refers to puls.o(i.P1Press) for P1Press
    puls.o(i.P1LLPress) refers to systick.o(i.DelayMs) for DelayMs
    puls.o(i.P1LPress) refers to puls.o(i.P1Press) for P1Press
    puls.o(i.P1LPress) refers to systick.o(i.DelayMs) for DelayMs
    puls.o(i.P2Click) refers to puls.o(i.P2LPress) for P2LPress
    puls.o(i.P2Click) refers to systick.o(i.DelayMs) for DelayMs
    puls.o(i.P2Click) refers to puls.o(i.P2Press) for P2Press
    puls.o(i.P2LLPress) refers to puls.o(i.P2Press) for P2Press
    puls.o(i.P2LLPress) refers to systick.o(i.DelayMs) for DelayMs
    puls.o(i.P2LPress) refers to puls.o(i.P2Press) for P2Press
    puls.o(i.P2LPress) refers to systick.o(i.DelayMs) for DelayMs
    puls.o(i.PulsGetClick) refers to puls.o(i.P1Click) for P1Click
    puls.o(i.PulsGetClick) refers to puls.o(i.P2Click) for P2Click
    puls.o(i.PulsGetLPress) refers to puls.o(i.P1LPress) for P1LPress
    puls.o(i.PulsGetLPress) refers to puls.o(i.P2LPress) for P2LPress
    puls.o(i.PulsGetPress) refers to puls.o(i.P1Press) for P1Press
    puls.o(i.PulsGetPress) refers to puls.o(i.P2Press) for P2Press
    puls.o(i.PulsTest2) refers to puls.o(i.P1Click) for P1Click
    puls.o(i.PulsTest2) refers to led.o(i.LedBlink) for LedBlink
    puls.o(i.PulsTest2) refers to puls.o(i.P2LPress) for P2LPress
    puls.o(i.PulsTest2) refers to led.o(i.LedInit) for LedInit
    puls.o(i.PulsTest2) refers to led.o(i.LedOff) for LedOff
    puls.o(i.PulsTestTask) refers to puls.o(i.PulsGetPress) for PulsGetPress
    puls.o(i.PulsTestTask) refers to puls.o(i.P2Click) for P2Click
    puls.o(i.PulsTestTask) refers to led.o(i.LedBlueToggle) for LedBlueToggle
    puls.o(i.PulsTestTask) refers to puls.o(i.P1LPress) for P1LPress
    puls.o(i.PulsTestTask) refers to led.o(i.LedGreenToggle) for LedGreenToggle
    puls.o(i.PulsTestTask) refers to led.o(i.LedOff) for LedOff
    uartstdio.o(i.UARTStdioConfig) refers to uartstdio.o(.constdata) for .constdata
    uartstdio.o(i.UARTStdioConfig) refers to uartstdio.o(.data) for .data
    uartstdio.o(i.UARTgetc) refers to uartstdio.o(.data) for .data
    uartstdio.o(i.UARTgets) refers to uartstdio.o(i.UARTwrite) for UARTwrite
    uartstdio.o(i.UARTgets) refers to uartstdio.o(.data) for .data
    uartstdio.o(i.UARTprintf) refers to uartstdio.o(i.UARTvprintf) for UARTvprintf
    uartstdio.o(i.UARTvprintf) refers to uartstdio.o(i.UARTwrite) for UARTwrite
    uartstdio.o(i.UARTvprintf) refers to uartstdio.o(.constdata) for .constdata
    uartstdio.o(i.UARTwrite) refers to uartstdio.o(.data) for .data
    uartstdio.o(.constdata) refers to uartstdio.o(.conststring) for .conststring
    gpio.o(i.GPIOIntRegister) refers to interrupt.o(i.IntRegister) for IntRegister
    gpio.o(i.GPIOIntRegister) refers to interrupt.o(i.IntEnable) for IntEnable
    gpio.o(i.GPIOIntRegister) refers to gpio.o(.constdata) for .constdata
    gpio.o(i.GPIOIntUnregister) refers to interrupt.o(i.IntDisable) for IntDisable
    gpio.o(i.GPIOIntUnregister) refers to interrupt.o(i.IntUnregister) for IntUnregister
    gpio.o(i.GPIOIntUnregister) refers to gpio.o(.constdata) for .constdata
    gpio.o(i.GPIOPinConfigure) refers to gpio.o(.constdata) for .constdata
    gpio.o(i.GPIOPinTypeADC) refers to gpio.o(i.GPIODirModeSet) for GPIODirModeSet
    gpio.o(i.GPIOPinTypeADC) refers to gpio.o(i.GPIOPadConfigSet) for GPIOPadConfigSet
    gpio.o(i.GPIOPinTypeCAN) refers to gpio.o(i.GPIODirModeSet) for GPIODirModeSet
    gpio.o(i.GPIOPinTypeCAN) refers to gpio.o(i.GPIOPadConfigSet) for GPIOPadConfigSet
    gpio.o(i.GPIOPinTypeCIR) refers to gpio.o(i.GPIODirModeSet) for GPIODirModeSet
    gpio.o(i.GPIOPinTypeCIR) refers to gpio.o(i.GPIOPadConfigSet) for GPIOPadConfigSet
    gpio.o(i.GPIOPinTypeComparator) refers to gpio.o(i.GPIODirModeSet) for GPIODirModeSet
    gpio.o(i.GPIOPinTypeComparator) refers to gpio.o(i.GPIOPadConfigSet) for GPIOPadConfigSet
    gpio.o(i.GPIOPinTypeComparatorOutput) refers to gpio.o(i.GPIODirModeSet) for GPIODirModeSet
    gpio.o(i.GPIOPinTypeComparatorOutput) refers to gpio.o(i.GPIOPadConfigSet) for GPIOPadConfigSet
    gpio.o(i.GPIOPinTypeEPI) refers to gpio.o(i.GPIODirModeSet) for GPIODirModeSet
    gpio.o(i.GPIOPinTypeEPI) refers to gpio.o(i.GPIOPadConfigSet) for GPIOPadConfigSet
    gpio.o(i.GPIOPinTypeEthernetLED) refers to gpio.o(i.GPIODirModeSet) for GPIODirModeSet
    gpio.o(i.GPIOPinTypeEthernetLED) refers to gpio.o(i.GPIOPadConfigSet) for GPIOPadConfigSet
    gpio.o(i.GPIOPinTypeEthernetMII) refers to gpio.o(i.GPIODirModeSet) for GPIODirModeSet
    gpio.o(i.GPIOPinTypeEthernetMII) refers to gpio.o(i.GPIOPadConfigSet) for GPIOPadConfigSet
    gpio.o(i.GPIOPinTypeGPIOInput) refers to gpio.o(i.GPIODirModeSet) for GPIODirModeSet
    gpio.o(i.GPIOPinTypeGPIOInput) refers to gpio.o(i.GPIOPadConfigSet) for GPIOPadConfigSet
    gpio.o(i.GPIOPinTypeGPIOOutput) refers to gpio.o(i.GPIOPadConfigSet) for GPIOPadConfigSet
    gpio.o(i.GPIOPinTypeGPIOOutput) refers to gpio.o(i.GPIODirModeSet) for GPIODirModeSet
    gpio.o(i.GPIOPinTypeGPIOOutputOD) refers to gpio.o(i.GPIOPadConfigSet) for GPIOPadConfigSet
    gpio.o(i.GPIOPinTypeGPIOOutputOD) refers to gpio.o(i.GPIODirModeSet) for GPIODirModeSet
    gpio.o(i.GPIOPinTypeI2C) refers to gpio.o(i.GPIODirModeSet) for GPIODirModeSet
    gpio.o(i.GPIOPinTypeI2C) refers to gpio.o(i.GPIOPadConfigSet) for GPIOPadConfigSet
    gpio.o(i.GPIOPinTypeI2CSCL) refers to gpio.o(i.GPIODirModeSet) for GPIODirModeSet
    gpio.o(i.GPIOPinTypeI2CSCL) refers to gpio.o(i.GPIOPadConfigSet) for GPIOPadConfigSet
    gpio.o(i.GPIOPinTypeKBColumn) refers to gpio.o(i.GPIODirModeSet) for GPIODirModeSet
    gpio.o(i.GPIOPinTypeKBColumn) refers to gpio.o(i.GPIOPadConfigSet) for GPIOPadConfigSet
    gpio.o(i.GPIOPinTypeKBRow) refers to gpio.o(i.GPIODirModeSet) for GPIODirModeSet
    gpio.o(i.GPIOPinTypeKBRow) refers to gpio.o(i.GPIOPadConfigSet) for GPIOPadConfigSet
    gpio.o(i.GPIOPinTypeLCD) refers to gpio.o(i.GPIODirModeSet) for GPIODirModeSet
    gpio.o(i.GPIOPinTypeLCD) refers to gpio.o(i.GPIOPadConfigSet) for GPIOPadConfigSet
    gpio.o(i.GPIOPinTypeLEDSeq) refers to gpio.o(i.GPIODirModeSet) for GPIODirModeSet
    gpio.o(i.GPIOPinTypeLEDSeq) refers to gpio.o(i.GPIOPadConfigSet) for GPIOPadConfigSet
    gpio.o(i.GPIOPinTypeLPC) refers to gpio.o(i.GPIODirModeSet) for GPIODirModeSet
    gpio.o(i.GPIOPinTypeLPC) refers to gpio.o(i.GPIOPadConfigSet) for GPIOPadConfigSet
    gpio.o(i.GPIOPinTypePECIRx) refers to gpio.o(i.GPIODirModeSet) for GPIODirModeSet
    gpio.o(i.GPIOPinTypePECIRx) refers to gpio.o(i.GPIOPadConfigSet) for GPIOPadConfigSet
    gpio.o(i.GPIOPinTypePECITx) refers to gpio.o(i.GPIODirModeSet) for GPIODirModeSet
    gpio.o(i.GPIOPinTypePECITx) refers to gpio.o(i.GPIOPadConfigSet) for GPIOPadConfigSet
    gpio.o(i.GPIOPinTypePWM) refers to gpio.o(i.GPIODirModeSet) for GPIODirModeSet
    gpio.o(i.GPIOPinTypePWM) refers to gpio.o(i.GPIOPadConfigSet) for GPIOPadConfigSet
    gpio.o(i.GPIOPinTypeQEI) refers to gpio.o(i.GPIODirModeSet) for GPIODirModeSet
    gpio.o(i.GPIOPinTypeQEI) refers to gpio.o(i.GPIOPadConfigSet) for GPIOPadConfigSet
    gpio.o(i.GPIOPinTypeSSI) refers to gpio.o(i.GPIODirModeSet) for GPIODirModeSet
    gpio.o(i.GPIOPinTypeSSI) refers to gpio.o(i.GPIOPadConfigSet) for GPIOPadConfigSet
    gpio.o(i.GPIOPinTypeTimer) refers to gpio.o(i.GPIODirModeSet) for GPIODirModeSet
    gpio.o(i.GPIOPinTypeTimer) refers to gpio.o(i.GPIOPadConfigSet) for GPIOPadConfigSet
    gpio.o(i.GPIOPinTypeUART) refers to gpio.o(i.GPIODirModeSet) for GPIODirModeSet
    gpio.o(i.GPIOPinTypeUART) refers to gpio.o(i.GPIOPadConfigSet) for GPIOPadConfigSet
    gpio.o(i.GPIOPinTypeUSBAnalog) refers to gpio.o(i.GPIODirModeSet) for GPIODirModeSet
    gpio.o(i.GPIOPinTypeUSBAnalog) refers to gpio.o(i.GPIOPadConfigSet) for GPIOPadConfigSet
    gpio.o(i.GPIOPinTypeUSBDigital) refers to gpio.o(i.GPIODirModeSet) for GPIODirModeSet
    gpio.o(i.GPIOPinTypeUSBDigital) refers to gpio.o(i.GPIOPadConfigSet) for GPIOPadConfigSet
    gpio.o(i.GPIOPinTypeWakeHigh) refers to gpio.o(i.GPIODirModeSet) for GPIODirModeSet
    gpio.o(i.GPIOPinTypeWakeHigh) refers to gpio.o(i.GPIOPadConfigSet) for GPIOPadConfigSet
    gpio.o(i.GPIOPinTypeWakeLow) refers to gpio.o(i.GPIODirModeSet) for GPIODirModeSet
    gpio.o(i.GPIOPinTypeWakeLow) refers to gpio.o(i.GPIOPadConfigSet) for GPIOPadConfigSet
    sysctl.o(i.SysCtlClockFreqSet) refers to sysctl.o(.constdata) for .constdata
    sysctl.o(i.SysCtlClockGet) refers to sysctl.o(.constdata) for .constdata
    sysctl.o(i.SysCtlClockSet) refers to sysctl.o(.emb_text) for SysCtlDelay
    sysctl.o(i.SysCtlDeepSleep) refers to cpu.o(.emb_text) for CPUwfi
    sysctl.o(i.SysCtlIntRegister) refers to interrupt.o(i.IntRegister) for IntRegister
    sysctl.o(i.SysCtlIntRegister) refers to interrupt.o(i.IntEnable) for IntEnable
    sysctl.o(i.SysCtlIntUnregister) refers to interrupt.o(i.IntDisable) for IntDisable
    sysctl.o(i.SysCtlIntUnregister) refers to interrupt.o(i.IntUnregister) for IntUnregister
    sysctl.o(i.SysCtlSleep) refers to cpu.o(.emb_text) for CPUwfi
    uart.o(i.UARTIntRegister) refers to interrupt.o(i.IntRegister) for IntRegister
    uart.o(i.UARTIntRegister) refers to interrupt.o(i.IntEnable) for IntEnable
    uart.o(i.UARTIntRegister) refers to uart.o(.constdata) for .constdata
    uart.o(i.UARTIntUnregister) refers to interrupt.o(i.IntDisable) for IntDisable
    uart.o(i.UARTIntUnregister) refers to interrupt.o(i.IntUnregister) for IntUnregister
    uart.o(i.UARTIntUnregister) refers to uart.o(.constdata) for .constdata
    interrupt.o(i.IntDisable) refers to interrupt.o(.constdata) for .constdata
    interrupt.o(i.IntEnable) refers to interrupt.o(.constdata) for .constdata
    interrupt.o(i.IntIsEnabled) refers to interrupt.o(.constdata) for .constdata
    interrupt.o(i.IntMasterDisable) refers to cpu.o(.emb_text) for CPUcpsid
    interrupt.o(i.IntMasterEnable) refers to cpu.o(.emb_text) for CPUcpsie
    interrupt.o(i.IntPendClear) refers to interrupt.o(.constdata) for .constdata
    interrupt.o(i.IntPendSet) refers to interrupt.o(.constdata) for .constdata
    interrupt.o(i.IntPriorityGet) refers to interrupt.o(.constdata) for .constdata
    interrupt.o(i.IntPriorityGroupingGet) refers to interrupt.o(.constdata) for .constdata
    interrupt.o(i.IntPriorityGroupingSet) refers to interrupt.o(.constdata) for .constdata
    interrupt.o(i.IntPriorityMaskGet) refers to cpu.o(.emb_text) for CPUbasepriGet
    interrupt.o(i.IntPriorityMaskSet) refers to cpu.o(.emb_text) for CPUbasepriSet
    interrupt.o(i.IntPrioritySet) refers to interrupt.o(.constdata) for .constdata
    interrupt.o(i.IntRegister) refers to interrupt.o(vtable) for vtable
    interrupt.o(i.IntUnregister) refers to interrupt.o(i._IntDefaultHandler) for _IntDefaultHandler
    interrupt.o(i.IntUnregister) refers to interrupt.o(vtable) for vtable
    entry.o(.ARM.Collect$$$$00000000) refers (Special) to entry10a.o(.ARM.Collect$$$$0000000D) for __rt_final_cpp
    entry.o(.ARM.Collect$$$$00000000) refers (Special) to entry11a.o(.ARM.Collect$$$$0000000F) for __rt_final_exit
    entry.o(.ARM.Collect$$$$00000000) refers (Special) to entry7b.o(.ARM.Collect$$$$00000008) for _main_clock
    entry.o(.ARM.Collect$$$$00000000) refers (Special) to entry8b.o(.ARM.Collect$$$$0000000A) for _main_cpp_init
    entry.o(.ARM.Collect$$$$00000000) refers (Special) to entry9a.o(.ARM.Collect$$$$0000000B) for _main_init
    entry.o(.ARM.Collect$$$$00000000) refers (Special) to entry5.o(.ARM.Collect$$$$00000004) for _main_scatterload
    entry.o(.ARM.Collect$$$$00000000) refers (Special) to entry2.o(.ARM.Collect$$$$00000001) for _main_stk
    entry2.o(.ARM.Collect$$$$00000001) refers to entry2.o(.ARM.Collect$$$$00002712) for __lit__00000000
    entry2.o(.ARM.Collect$$$$00002712) refers to startup_rvmdk.o(STACK) for __initial_sp
    entry2.o(__vectab_stack_and_reset_area) refers to startup_rvmdk.o(STACK) for __initial_sp
    entry2.o(__vectab_stack_and_reset_area) refers to entry.o(.ARM.Collect$$$$00000000) for __main
    entry5.o(.ARM.Collect$$$$00000004) refers to init.o(.text) for __scatterload
    entry9a.o(.ARM.Collect$$$$0000000B) refers to main.o(i.main) for main
    entry9b.o(.ARM.Collect$$$$0000000C) refers to main.o(i.main) for main
    init.o(.text) refers to entry5.o(.ARM.Collect$$$$00000004) for __main_after_scatterload


==============================================================================

Removing Unused input sections from the image.

    Removing startup_rvmdk.o(HEAP), (0 bytes).
    Removing startup_rvmdk.o(.text), (0 bytes).
    Removing led.o(i.Led0Off), (4 bytes).
    Removing led.o(i.Led0On), (4 bytes).
    Removing led.o(i.Led0Toggle), (4 bytes).
    Removing led.o(i.Led1Off), (4 bytes).
    Removing led.o(i.Led1On), (4 bytes).
    Removing led.o(i.Led1Toggle), (4 bytes).
    Removing led.o(i.Led2Off), (4 bytes).
    Removing led.o(i.Led2On), (4 bytes).
    Removing led.o(i.Led2Toggle), (4 bytes).
    Removing led.o(i.Led3Off), (4 bytes).
    Removing led.o(i.Led3On), (4 bytes).
    Removing led.o(i.Led3Toggle), (4 bytes).
    Removing led.o(i.LedBlink), (48 bytes).
    Removing led.o(i.LedBlueToggle), (20 bytes).
    Removing led.o(i.LedGreenToggle), (20 bytes).
    Removing led.o(i.LedHex), (66 bytes).
    Removing led.o(i.LedOn), (22 bytes).
    Removing led.o(i.LedRedToggle), (20 bytes).
    Removing led.o(i.LedTest), (166 bytes).
    Removing led.o(i.LedTest2), (74 bytes).
    Removing led.o(i.LedWhiteOn), (18 bytes).
    Removing led.o(i.LedWhiteToggle), (18 bytes).
    Removing systick.o(i.DelayMs), (18 bytes).
    Removing puls.o(i.P1Click), (36 bytes).
    Removing puls.o(i.P1LLPress), (40 bytes).
    Removing puls.o(i.P1LPress), (36 bytes).
    Removing puls.o(i.P2Click), (36 bytes).
    Removing puls.o(i.P2LLPress), (40 bytes).
    Removing puls.o(i.P2LPress), (36 bytes).
    Removing puls.o(i.PulsGetClick), (24 bytes).
    Removing puls.o(i.PulsGetLPress), (24 bytes).
    Removing puls.o(i.PulsGetPress), (26 bytes).
    Removing puls.o(i.PulsTest2), (68 bytes).
    Removing puls.o(i.PulsTestTask), (42 bytes).
    Removing uartstdio.o(i.UARTgetc), (24 bytes).
    Removing uartstdio.o(i.UARTgets), (132 bytes).
    Removing gpio.o(i.GPIOADCTriggerDisable), (14 bytes).
    Removing gpio.o(i.GPIOADCTriggerEnable), (14 bytes).
    Removing gpio.o(i.GPIODMATriggerDisable), (14 bytes).
    Removing gpio.o(i.GPIODMATriggerEnable), (14 bytes).
    Removing gpio.o(i.GPIODirModeGet), (34 bytes).
    Removing gpio.o(i.GPIOIntClear), (6 bytes).
    Removing gpio.o(i.GPIOIntDisable), (14 bytes).
    Removing gpio.o(i.GPIOIntEnable), (14 bytes).
    Removing gpio.o(i.GPIOIntRegister), (88 bytes).
    Removing gpio.o(i.GPIOIntStatus), (14 bytes).
    Removing gpio.o(i.GPIOIntTypeGet), (68 bytes).
    Removing gpio.o(i.GPIOIntTypeSet), (80 bytes).
    Removing gpio.o(i.GPIOIntUnregister), (88 bytes).
    Removing gpio.o(i.GPIOPadConfigGet), (204 bytes).
    Removing gpio.o(i.GPIOPinRead), (6 bytes).
    Removing gpio.o(i.GPIOPinTypeADC), (28 bytes).
    Removing gpio.o(i.GPIOPinTypeCAN), (28 bytes).
    Removing gpio.o(i.GPIOPinTypeCIR), (28 bytes).
    Removing gpio.o(i.GPIOPinTypeComparator), (28 bytes).
    Removing gpio.o(i.GPIOPinTypeComparatorOutput), (28 bytes).
    Removing gpio.o(i.GPIOPinTypeEPI), (28 bytes).
    Removing gpio.o(i.GPIOPinTypeEthernetLED), (28 bytes).
    Removing gpio.o(i.GPIOPinTypeEthernetMII), (28 bytes).
    Removing gpio.o(i.GPIOPinTypeGPIOInput), (28 bytes).
    Removing gpio.o(i.GPIOPinTypeGPIOOutputOD), (28 bytes).
    Removing gpio.o(i.GPIOPinTypeI2C), (28 bytes).
    Removing gpio.o(i.GPIOPinTypeI2CSCL), (28 bytes).
    Removing gpio.o(i.GPIOPinTypeKBColumn), (28 bytes).
    Removing gpio.o(i.GPIOPinTypeKBRow), (28 bytes).
    Removing gpio.o(i.GPIOPinTypeLCD), (28 bytes).
    Removing gpio.o(i.GPIOPinTypeLEDSeq), (28 bytes).
    Removing gpio.o(i.GPIOPinTypeLPC), (28 bytes).
    Removing gpio.o(i.GPIOPinTypePECIRx), (28 bytes).
    Removing gpio.o(i.GPIOPinTypePECITx), (28 bytes).
    Removing gpio.o(i.GPIOPinTypePWM), (28 bytes).
    Removing gpio.o(i.GPIOPinTypeQEI), (28 bytes).
    Removing gpio.o(i.GPIOPinTypeSSI), (28 bytes).
    Removing gpio.o(i.GPIOPinTypeTimer), (28 bytes).
    Removing gpio.o(i.GPIOPinTypeUSBAnalog), (28 bytes).
    Removing gpio.o(i.GPIOPinTypeUSBDigital), (28 bytes).
    Removing gpio.o(i.GPIOPinTypeWakeHigh), (30 bytes).
    Removing gpio.o(i.GPIOPinTypeWakeLow), (30 bytes).
    Removing gpio.o(i.GPIOPinWakeStatus), (6 bytes).
    Removing gpio.o(i.GPIOPinWrite), (6 bytes).
    Removing sysctl.o(i.SysCtlAltClkConfig), (12 bytes).
    Removing sysctl.o(i.SysCtlClockFreqSet), (712 bytes).
    Removing sysctl.o(i.SysCtlClockOutConfig), (16 bytes).
    Removing sysctl.o(i.SysCtlDeepSleep), (32 bytes).
    Removing sysctl.o(i.SysCtlDeepSleepClockConfigSet), (112 bytes).
    Removing sysctl.o(i.SysCtlDeepSleepClockSet), (12 bytes).
    Removing sysctl.o(i.SysCtlDeepSleepPowerSet), (12 bytes).
    Removing sysctl.o(i.SysCtlFlashSectorSizeGet), (56 bytes).
    Removing sysctl.o(i.SysCtlFlashSizeGet), (56 bytes).
    Removing sysctl.o(i.SysCtlGPIOAHBDisable), (28 bytes).
    Removing sysctl.o(i.SysCtlGPIOAHBEnable), (24 bytes).
    Removing sysctl.o(i.SysCtlIntClear), (12 bytes).
    Removing sysctl.o(i.SysCtlIntDisable), (16 bytes).
    Removing sysctl.o(i.SysCtlIntEnable), (16 bytes).
    Removing sysctl.o(i.SysCtlIntRegister), (20 bytes).
    Removing sysctl.o(i.SysCtlIntStatus), (16 bytes).
    Removing sysctl.o(i.SysCtlIntUnregister), (18 bytes).
    Removing sysctl.o(i.SysCtlLDODeepSleepGet), (12 bytes).
    Removing sysctl.o(i.SysCtlLDODeepSleepSet), (12 bytes).
    Removing sysctl.o(i.SysCtlLDOSleepGet), (12 bytes).
    Removing sysctl.o(i.SysCtlLDOSleepSet), (12 bytes).
    Removing sysctl.o(i.SysCtlMOSCConfigSet), (12 bytes).
    Removing sysctl.o(i.SysCtlNMIClear), (16 bytes).
    Removing sysctl.o(i.SysCtlNMIStatus), (12 bytes).
    Removing sysctl.o(i.SysCtlPIOSCCalibrate), (76 bytes).
    Removing sysctl.o(i.SysCtlPWMClockGet), (24 bytes).
    Removing sysctl.o(i.SysCtlPWMClockSet), (20 bytes).
    Removing sysctl.o(i.SysCtlPeripheralClockGating), (68 bytes).
    Removing sysctl.o(i.SysCtlPeripheralDeepSleepDisable), (40 bytes).
    Removing sysctl.o(i.SysCtlPeripheralDeepSleepEnable), (40 bytes).
    Removing sysctl.o(i.SysCtlPeripheralDisable), (40 bytes).
    Removing sysctl.o(i.SysCtlPeripheralPowerOff), (40 bytes).
    Removing sysctl.o(i.SysCtlPeripheralPowerOn), (40 bytes).
    Removing sysctl.o(i.SysCtlPeripheralPresent), (44 bytes).
    Removing sysctl.o(i.SysCtlPeripheralReady), (44 bytes).
    Removing sysctl.o(i.SysCtlPeripheralReset), (60 bytes).
    Removing sysctl.o(i.SysCtlPeripheralSleepDisable), (40 bytes).
    Removing sysctl.o(i.SysCtlPeripheralSleepEnable), (40 bytes).
    Removing sysctl.o(i.SysCtlReset), (16 bytes).
    Removing sysctl.o(i.SysCtlResetBehaviorGet), (12 bytes).
    Removing sysctl.o(i.SysCtlResetBehaviorSet), (12 bytes).
    Removing sysctl.o(i.SysCtlResetCauseClear), (16 bytes).
    Removing sysctl.o(i.SysCtlResetCauseGet), (12 bytes).
    Removing sysctl.o(i.SysCtlSRAMSizeGet), (16 bytes).
    Removing sysctl.o(i.SysCtlSleep), (4 bytes).
    Removing sysctl.o(i.SysCtlSleepPowerSet), (12 bytes).
    Removing sysctl.o(i.SysCtlUSBPLLDisable), (16 bytes).
    Removing sysctl.o(i.SysCtlUSBPLLEnable), (16 bytes).
    Removing sysctl.o(i.SysCtlVoltageEventClear), (16 bytes).
    Removing sysctl.o(i.SysCtlVoltageEventConfig), (12 bytes).
    Removing sysctl.o(i.SysCtlVoltageEventStatus), (12 bytes).
    Removing uart.o(i.UART9BitAddrSend), (38 bytes).
    Removing uart.o(i.UART9BitAddrSet), (10 bytes).
    Removing uart.o(i.UART9BitDisable), (14 bytes).
    Removing uart.o(i.UART9BitEnable), (14 bytes).
    Removing uart.o(i.UARTBreakCtl), (18 bytes).
    Removing uart.o(i.UARTBusy), (8 bytes).
    Removing uart.o(i.UARTCharPutNonBlocking), (16 bytes).
    Removing uart.o(i.UARTClockSourceGet), (6 bytes).
    Removing uart.o(i.UARTConfigGetExpClk), (46 bytes).
    Removing uart.o(i.UARTDMADisable), (10 bytes).
    Removing uart.o(i.UARTDMAEnable), (8 bytes).
    Removing uart.o(i.UARTDisable), (30 bytes).
    Removing uart.o(i.UARTDisableSIR), (10 bytes).
    Removing uart.o(i.UARTEnable), (20 bytes).
    Removing uart.o(i.UARTEnableSIR), (18 bytes).
    Removing uart.o(i.UARTFIFODisable), (10 bytes).
    Removing uart.o(i.UARTFIFOEnable), (10 bytes).
    Removing uart.o(i.UARTFIFOLevelGet), (16 bytes).
    Removing uart.o(i.UARTFIFOLevelSet), (6 bytes).
    Removing uart.o(i.UARTFlowControlGet), (8 bytes).
    Removing uart.o(i.UARTFlowControlSet), (12 bytes).
    Removing uart.o(i.UARTIntClear), (4 bytes).
    Removing uart.o(i.UARTIntDisable), (10 bytes).
    Removing uart.o(i.UARTIntEnable), (8 bytes).
    Removing uart.o(i.UARTIntRegister), (88 bytes).
    Removing uart.o(i.UARTIntStatus), (10 bytes).
    Removing uart.o(i.UARTIntUnregister), (88 bytes).
    Removing uart.o(i.UARTModemControlClear), (14 bytes).
    Removing uart.o(i.UARTModemControlGet), (8 bytes).
    Removing uart.o(i.UARTModemControlSet), (12 bytes).
    Removing uart.o(i.UARTModemStatusGet), (10 bytes).
    Removing uart.o(i.UARTParityModeGet), (8 bytes).
    Removing uart.o(i.UARTParityModeSet), (12 bytes).
    Removing uart.o(i.UARTRxErrorClear), (6 bytes).
    Removing uart.o(i.UARTRxErrorGet), (8 bytes).
    Removing uart.o(i.UARTSmartCardDisable), (10 bytes).
    Removing uart.o(i.UARTSmartCardEnable), (22 bytes).
    Removing uart.o(i.UARTSpaceAvail), (10 bytes).
    Removing uart.o(i.UARTTxIntModeGet), (8 bytes).
    Removing uart.o(i.UARTTxIntModeSet), (12 bytes).
    Removing uart.o(.constdata), (128 bytes).
    Removing cpu.o(.emb_text), (38 bytes).
    Removing interrupt.o(i.IntDisable), (100 bytes).
    Removing interrupt.o(i.IntEnable), (100 bytes).
    Removing interrupt.o(i.IntIsEnabled), (96 bytes).
    Removing interrupt.o(i.IntMasterDisable), (14 bytes).
    Removing interrupt.o(i.IntMasterEnable), (14 bytes).
    Removing interrupt.o(i.IntPendClear), (68 bytes).
    Removing interrupt.o(i.IntPendSet), (84 bytes).
    Removing interrupt.o(i.IntPriorityGet), (28 bytes).
    Removing interrupt.o(i.IntPriorityGroupingGet), (36 bytes).
    Removing interrupt.o(i.IntPriorityGroupingSet), (28 bytes).
    Removing interrupt.o(i.IntPriorityMaskGet), (4 bytes).
    Removing interrupt.o(i.IntPriorityMaskSet), (4 bytes).
    Removing interrupt.o(i.IntPrioritySet), (40 bytes).
    Removing interrupt.o(i.IntRegister), (52 bytes).
    Removing interrupt.o(i.IntTrigger), (12 bytes).
    Removing interrupt.o(i.IntUnregister), (20 bytes).
    Removing interrupt.o(i._IntDefaultHandler), (2 bytes).
    Removing interrupt.o(.constdata), (268 bytes).
    Removing interrupt.o(vtable), (620 bytes).

194 unused section(s) (total 7024 bytes) removed from the image.

==============================================================================

Image Symbol Table

    Local Symbols

    Symbol Name                              Value     Ov Type        Size  Object(Section)

    RESET                                    0x00000000   Section      648  startup_rvmdk.o(RESET)
    ../clib/microlib/init/entry.s            0x00000000   Number         0  entry.o ABSOLUTE
    ../clib/microlib/init/entry.s            0x00000000   Number         0  entry9a.o ABSOLUTE
    ../clib/microlib/init/entry.s            0x00000000   Number         0  entry11b.o ABSOLUTE
    ../clib/microlib/init/entry.s            0x00000000   Number         0  entry11a.o ABSOLUTE
    ../clib/microlib/init/entry.s            0x00000000   Number         0  entry10b.o ABSOLUTE
    ../clib/microlib/init/entry.s            0x00000000   Number         0  entry2.o ABSOLUTE
    ../clib/microlib/init/entry.s            0x00000000   Number         0  entry10a.o ABSOLUTE
    ../clib/microlib/init/entry.s            0x00000000   Number         0  entry9b.o ABSOLUTE
    ../clib/microlib/init/entry.s            0x00000000   Number         0  entry8a.o ABSOLUTE
    ../clib/microlib/init/entry.s            0x00000000   Number         0  entry5.o ABSOLUTE
    ../clib/microlib/init/entry.s            0x00000000   Number         0  entry8b.o ABSOLUTE
    ../clib/microlib/init/entry.s            0x00000000   Number         0  entry7a.o ABSOLUTE
    ../clib/microlib/init/entry.s            0x00000000   Number         0  entry7b.o ABSOLUTE
    ..\LIBS\FBCP.c                           0x00000000   Number         0  fbcp.o ABSOLUTE
    ..\LIBS\Led.c                            0x00000000   Number         0  led.o ABSOLUTE
    ..\LIBS\Puls.c                           0x00000000   Number         0  puls.o ABSOLUTE
    ..\LIBS\SysTick.c                        0x00000000   Number         0  systick.o ABSOLUTE
    ..\LIBS\Uart.c                           0x00000000   Number         0  uart.o ABSOLUTE
    ..\main.c                                0x00000000   Number         0  main.o ABSOLUTE
    ..\utils\uartstdio.c                     0x00000000   Number         0  uartstdio.o ABSOLUTE
    cpu.c                                    0x00000000   Number         0  cpu.o ABSOLUTE
    cpu.c                                    0x00000000   Number         0  cpu.o ABSOLUTE
    dc.s                                     0x00000000   Number         0  dc.o ABSOLUTE
    gpio.c                                   0x00000000   Number         0  gpio.o ABSOLUTE
    handlers.s                               0x00000000   Number         0  handlers.o ABSOLUTE
    init.s                                   0x00000000   Number         0  init.o ABSOLUTE
    interrupt.c                              0x00000000   Number         0  interrupt.o ABSOLUTE
    startup_rvmdk.S                          0x00000000   Number         0  startup_rvmdk.o ABSOLUTE
    sysctl.c                                 0x00000000   Number         0  sysctl.o ABSOLUTE
    sysctl.c                                 0x00000000   Number         0  sysctl.o ABSOLUTE
    uart.c                                   0x00000000   Number         0  uart.o ABSOLUTE
    $v0                                      0x0000026c   Number         0  startup_rvmdk.o(RESET)
    NmiSR                                    0x00000281   Thumb Code     0  startup_rvmdk.o(RESET)
    FaultISR                                 0x00000283   Thumb Code     0  startup_rvmdk.o(RESET)
    IntDefaultHandler                        0x00000285   Thumb Code     0  startup_rvmdk.o(RESET)
    .ARM.Collect$$$$00000000                 0x00000288   Section        0  entry.o(.ARM.Collect$$$$00000000)
    .ARM.Collect$$$$00000001                 0x00000288   Section        4  entry2.o(.ARM.Collect$$$$00000001)
    .ARM.Collect$$$$00000004                 0x0000028c   Section        4  entry5.o(.ARM.Collect$$$$00000004)
    .ARM.Collect$$$$00000008                 0x00000290   Section        0  entry7b.o(.ARM.Collect$$$$00000008)
    .ARM.Collect$$$$0000000A                 0x00000290   Section        0  entry8b.o(.ARM.Collect$$$$0000000A)
    .ARM.Collect$$$$0000000B                 0x00000290   Section        8  entry9a.o(.ARM.Collect$$$$0000000B)
    .ARM.Collect$$$$0000000D                 0x00000298   Section        0  entry10a.o(.ARM.Collect$$$$0000000D)
    .ARM.Collect$$$$0000000F                 0x00000298   Section        0  entry11a.o(.ARM.Collect$$$$0000000F)
    .ARM.Collect$$$$00002712                 0x00000298   Section        4  entry2.o(.ARM.Collect$$$$00002712)
    __lit__00000000                          0x00000298   Data           4  entry2.o(.ARM.Collect$$$$00002712)
    .emb_text                                0x0000029c   Section        6  sysctl.o(.emb_text)
    $v0                                      0x0000029c   Number         0  sysctl.o(.emb_text)
    .text                                    0x000002a4   Section       36  init.o(.text)
    i.GPIODirModeSet                         0x000002c8   Section        0  gpio.o(i.GPIODirModeSet)
    i.GPIOPadConfigSet                       0x000002f0   Section        0  gpio.o(i.GPIOPadConfigSet)
    i.GPIOPinConfigure                       0x0000042c   Section        0  gpio.o(i.GPIOPinConfigure)
    i.GPIOPinTypeGPIOOutput                  0x00000474   Section        0  gpio.o(i.GPIOPinTypeGPIOOutput)
    i.GPIOPinTypeUART                        0x00000490   Section        0  gpio.o(i.GPIOPinTypeUART)
    i.L1_2_PcToMicro_Init                    0x000004ac   Section        0  fbcp.o(i.L1_2_PcToMicro_Init)
    i.L1_2_PcToMicro_Rx_Task                 0x000004e8   Section        0  fbcp.o(i.L1_2_PcToMicro_Rx_Task)
    i.L1_MicroToMicro_Init                   0x00000538   Section        0  fbcp.o(i.L1_MicroToMicro_Init)
    i.L1_MicroToMicro_RxTask                 0x0000053c   Section        0  fbcp.o(i.L1_MicroToMicro_RxTask)
    i.L1_MicroToMicro_TxTask                 0x00000570   Section        0  fbcp.o(i.L1_MicroToMicro_TxTask)
    i.L7_PcToMicro_Task                      0x0000059c   Section        0  fbcp.o(i.L7_PcToMicro_Task)
    i.LedBlueOff                             0x000005dc   Section        0  led.o(i.LedBlueOff)
    i.LedBlueOn                              0x000005f0   Section        0  led.o(i.LedBlueOn)
    i.LedGreenOff                            0x00000604   Section        0  led.o(i.LedGreenOff)
    i.LedGreenOn                             0x00000618   Section        0  led.o(i.LedGreenOn)
    i.LedInit                                0x0000062c   Section        0  led.o(i.LedInit)
    i.LedOff                                 0x000006b8   Section        0  led.o(i.LedOff)
    i.LedRedOff                              0x000006d0   Section        0  led.o(i.LedRedOff)
    i.LedRedOn                               0x000006e4   Section        0  led.o(i.LedRedOn)
    i.LedWhiteOff                            0x000006f8   Section        0  led.o(i.LedWhiteOff)
    i.P1Press                                0x0000070c   Section        0  puls.o(i.P1Press)
    i.P2Press                                0x00000720   Section        0  puls.o(i.P2Press)
    i.PulsInit                               0x00000734   Section        0  puls.o(i.PulsInit)
    i.SysCtlClockGet                         0x000007e4   Section        0  sysctl.o(i.SysCtlClockGet)
    i.SysCtlClockSet                         0x00000938   Section        0  sysctl.o(i.SysCtlClockSet)
    i.SysCtlPeripheralEnable                 0x00000a58   Section        0  sysctl.o(i.SysCtlPeripheralEnable)
    i.UARTCharGet                            0x00000a80   Section        0  uart.o(i.UARTCharGet)
    i.UARTCharGetNonBlocking                 0x00000a8c   Section        0  uart.o(i.UARTCharGetNonBlocking)
    i.UARTCharPut                            0x00000a9c   Section        0  uart.o(i.UARTCharPut)
    i.UARTCharsAvail                         0x00000aa8   Section        0  uart.o(i.UARTCharsAvail)
    i.UARTClockSourceSet                     0x00000ab2   Section        0  uart.o(i.UARTClockSourceSet)
    i.UARTConfigSetExpClk                    0x00000ab8   Section        0  uart.o(i.UARTConfigSetExpClk)
    i.UARTStdioConfig                        0x00000b28   Section        0  uartstdio.o(i.UARTStdioConfig)
    i.UARTprintf                             0x00000b84   Section        0  uartstdio.o(i.UARTprintf)
    i.UARTvprintf                            0x00000b98   Section        0  uartstdio.o(i.UARTvprintf)
    i.UARTwrite                              0x00000d4c   Section        0  uartstdio.o(i.UARTwrite)
    i.Uart00_Init                            0x00000d88   Section        0  uart.o(i.Uart00_Init)
    i.Uart00_Test                            0x00000dd8   Section        0  uart.o(i.Uart00_Test)
    i.Uart01_Init                            0x00000e1c   Section        0  uart.o(i.Uart01_Init)
    i.__scatterload_copy                     0x00000e74   Section       14  handlers.o(i.__scatterload_copy)
    i.__scatterload_null                     0x00000e82   Section        2  handlers.o(i.__scatterload_null)
    i.__scatterload_zeroinit                 0x00000e84   Section       14  handlers.o(i.__scatterload_zeroinit)
    i.main                                   0x00000e94   Section        0  main.o(i.main)
    .constdata                               0x00000ed4   Section       28  uartstdio.o(.constdata)
    g_pcHex                                  0x00000ed4   Data           4  uartstdio.o(.constdata)
    g_ui32UARTBase                           0x00000ed8   Data          12  uartstdio.o(.constdata)
    g_ui32UARTPeriph                         0x00000ee4   Data          12  uartstdio.o(.constdata)
    .constdata                               0x00000ef0   Section      528  gpio.o(.constdata)
    g_ppui32GPIOIntMapBlizzard               0x00000ef0   Data         192  gpio.o(.constdata)
    g_ppui32GPIOIntMapSnowflake              0x00000fb0   Data         192  gpio.o(.constdata)
    g_pui32GPIOBaseAddrs                     0x00001070   Data         144  gpio.o(.constdata)
    .constdata                               0x00001100   Section      452  sysctl.o(.constdata)
    g_pui32VCOFrequencies                    0x00001100   Data           8  sysctl.o(.constdata)
    g_pui32Xtals                             0x00001108   Data         108  sysctl.o(.constdata)
    g_pppui32XTALtoVCO                       0x00001174   Data         288  sysctl.o(.constdata)
    g_sXTALtoMEMTIM                          0x00001294   Data          48  sysctl.o(.constdata)
    .conststring                             0x000012c4   Section       68  fbcp.o(.conststring)
    .conststring                             0x00001308   Section       17  uartstdio.o(.conststring)
    .data                                    0x20000000   Section        8  fbcp.o(.data)
    .data                                    0x20000008   Section        8  uartstdio.o(.data)
    bLastWasCR                               0x20000008   Data           1  uartstdio.o(.data)
    g_ui32Base                               0x2000000c   Data           4  uartstdio.o(.data)
    .bss                                     0x20000010   Section     1020  fbcp.o(.bss)
    STACK                                    0x20000410   Section      512  startup_rvmdk.o(STACK)
    StackMem                                 0x20000410   Data           0  startup_rvmdk.o(STACK)

    Global Symbols

    Symbol Name                              Value     Ov Type        Size  Object(Section)

    BuildAttributes$$THM_ISAv4$E$P$D$K$B$S$7EM$VFPi3$EXTD16$VFPS$VFMA$PE$A:L22UL41UL21$X:L11$S22US41US21$IEEE1$IW$USESV6$~STKCKD$USESV7$~SHL$OTIME$EBA8$MICROLIB$REQ8$PRES8$EABIv2 0x00000000   Number         0  anon$$obj.o ABSOLUTE
    __ARM_use_no_argv                        0x00000000   Number         0  main.o ABSOLUTE
    __Vectors                                0x00000000   Data           0  startup_rvmdk.o(RESET)
    __cpp_initialize__aeabi_                  - Undefined Weak Reference
    __cxa_finalize                            - Undefined Weak Reference
    __decompress                              - Undefined Weak Reference
    _clock_init                               - Undefined Weak Reference
    _microlib_exit                            - Undefined Weak Reference
    Reset_Handler                            0x0000026d   Thumb Code     0  startup_rvmdk.o(RESET)
    __main                                   0x00000289   Thumb Code     0  entry.o(.ARM.Collect$$$$00000000)
    _main_stk                                0x00000289   Thumb Code     0  entry2.o(.ARM.Collect$$$$00000001)
    _main_scatterload                        0x0000028d   Thumb Code     0  entry5.o(.ARM.Collect$$$$00000004)
    __main_after_scatterload                 0x00000291   Thumb Code     0  entry5.o(.ARM.Collect$$$$00000004)
    _main_clock                              0x00000291   Thumb Code     0  entry7b.o(.ARM.Collect$$$$00000008)
    _main_cpp_init                           0x00000291   Thumb Code     0  entry8b.o(.ARM.Collect$$$$0000000A)
    _main_init                               0x00000291   Thumb Code     0  entry9a.o(.ARM.Collect$$$$0000000B)
    __rt_final_cpp                           0x00000299   Thumb Code     0  entry10a.o(.ARM.Collect$$$$0000000D)
    __rt_final_exit                          0x00000299   Thumb Code     0  entry11a.o(.ARM.Collect$$$$0000000F)
    SysCtlDelay                              0x0000029d   Thumb Code     6  sysctl.o(.emb_text)
    __scatterload                            0x000002a5   Thumb Code    28  init.o(.text)
    __scatterload_rt2                        0x000002a5   Thumb Code     0  init.o(.text)
    GPIODirModeSet                           0x000002c9   Thumb Code    40  gpio.o(i.GPIODirModeSet)
    GPIOPadConfigSet                         0x000002f1   Thumb Code   314  gpio.o(i.GPIOPadConfigSet)
    GPIOPinConfigure                         0x0000042d   Thumb Code    64  gpio.o(i.GPIOPinConfigure)
    GPIOPinTypeGPIOOutput                    0x00000475   Thumb Code    28  gpio.o(i.GPIOPinTypeGPIOOutput)
    GPIOPinTypeUART                          0x00000491   Thumb Code    28  gpio.o(i.GPIOPinTypeUART)
    L1_2_PcToMicro_Init                      0x000004ad   Thumb Code    30  fbcp.o(i.L1_2_PcToMicro_Init)
    L1_2_PcToMicro_Rx_Task                   0x000004e9   Thumb Code    68  fbcp.o(i.L1_2_PcToMicro_Rx_Task)
    L1_MicroToMicro_Init                     0x00000539   Thumb Code     4  fbcp.o(i.L1_MicroToMicro_Init)
    L1_MicroToMicro_RxTask                   0x0000053d   Thumb Code    48  fbcp.o(i.L1_MicroToMicro_RxTask)
    L1_MicroToMicro_TxTask                   0x00000571   Thumb Code    40  fbcp.o(i.L1_MicroToMicro_TxTask)
    L7_PcToMicro_Task                        0x0000059d   Thumb Code    56  fbcp.o(i.L7_PcToMicro_Task)
    LedBlueOff                               0x000005dd   Thumb Code    16  led.o(i.LedBlueOff)
    LedBlueOn                                0x000005f1   Thumb Code    16  led.o(i.LedBlueOn)
    LedGreenOff                              0x00000605   Thumb Code    16  led.o(i.LedGreenOff)
    LedGreenOn                               0x00000619   Thumb Code    16  led.o(i.LedGreenOn)
    LedInit                                  0x0000062d   Thumb Code   120  led.o(i.LedInit)
    LedOff                                   0x000006b9   Thumb Code    22  led.o(i.LedOff)
    LedRedOff                                0x000006d1   Thumb Code    16  led.o(i.LedRedOff)
    LedRedOn                                 0x000006e5   Thumb Code    16  led.o(i.LedRedOn)
    LedWhiteOff                              0x000006f9   Thumb Code    18  led.o(i.LedWhiteOff)
    P1Press                                  0x0000070d   Thumb Code    14  puls.o(i.P1Press)
    P2Press                                  0x00000721   Thumb Code    14  puls.o(i.P2Press)
    PulsInit                                 0x00000735   Thumb Code   158  puls.o(i.PulsInit)
    SysCtlClockGet                           0x000007e5   Thumb Code   304  sysctl.o(i.SysCtlClockGet)
    SysCtlClockSet                           0x00000939   Thumb Code   270  sysctl.o(i.SysCtlClockSet)
    SysCtlPeripheralEnable                   0x00000a59   Thumb Code    36  sysctl.o(i.SysCtlPeripheralEnable)
    UARTCharGet                              0x00000a81   Thumb Code    12  uart.o(i.UARTCharGet)
    UARTCharGetNonBlocking                   0x00000a8d   Thumb Code    16  uart.o(i.UARTCharGetNonBlocking)
    UARTCharPut                              0x00000a9d   Thumb Code    12  uart.o(i.UARTCharPut)
    UARTCharsAvail                           0x00000aa9   Thumb Code    10  uart.o(i.UARTCharsAvail)
    UARTClockSourceSet                       0x00000ab3   Thumb Code     6  uart.o(i.UARTClockSourceSet)
    UARTConfigSetExpClk                      0x00000ab9   Thumb Code   110  uart.o(i.UARTConfigSetExpClk)
    UARTStdioConfig                          0x00000b29   Thumb Code    82  uartstdio.o(i.UARTStdioConfig)
    UARTprintf                               0x00000b85   Thumb Code    18  uartstdio.o(i.UARTprintf)
    UARTvprintf                              0x00000b99   Thumb Code   420  uartstdio.o(i.UARTvprintf)
    UARTwrite                                0x00000d4d   Thumb Code    56  uartstdio.o(i.UARTwrite)
    Uart00_Init                              0x00000d89   Thumb Code    66  uart.o(i.Uart00_Init)
    Uart00_Test                              0x00000dd9   Thumb Code    64  uart.o(i.Uart00_Test)
    Uart01_Init                              0x00000e1d   Thumb Code    68  uart.o(i.Uart01_Init)
    __scatterload_copy                       0x00000e75   Thumb Code    14  handlers.o(i.__scatterload_copy)
    __scatterload_null                       0x00000e83   Thumb Code     2  handlers.o(i.__scatterload_null)
    __scatterload_zeroinit                   0x00000e85   Thumb Code    14  handlers.o(i.__scatterload_zeroinit)
    main                                     0x00000e95   Thumb Code    58  main.o(i.main)
    Region$$Table$$Base                      0x0000131c   Number         0  anon$$obj.o(Region$$Table)
    Region$$Table$$Limit                     0x0000133c   Number         0  anon$$obj.o(Region$$Table)
    l1_2_idx                                 0x20000000   Data           4  fbcp.o(.data)
    l1_2_is_frame_avail                      0x20000004   Data           4  fbcp.o(.data)
    l1_2_buffer                              0x20000010   Data        1020  fbcp.o(.bss)
    __initial_sp                             0x20000610   Data           0  startup_rvmdk.o(STACK)



==============================================================================

Memory Map of the image

  Image Entry point : 0x0000026d

  Load Region LR_1 (Base: 0x00000000, Size: 0x0000134c, Max: 0xffffffff, ABSOLUTE)

    Execution Region ER_RO (Base: 0x00000000, Size: 0x0000133c, Max: 0xffffffff, ABSOLUTE)

    Base Addr    Size         Type   Attr      Idx    E Section Name        Object

    0x00000000   0x00000288   Code   RO            3  * RESET               startup_rvmdk.o
    0x00000288   0x00000000   Code   RO         1600  * .ARM.Collect$$$$00000000  mc_w.l(entry.o)
    0x00000288   0x00000004   Code   RO         1603    .ARM.Collect$$$$00000001  mc_w.l(entry2.o)
    0x0000028c   0x00000004   Code   RO         1606    .ARM.Collect$$$$00000004  mc_w.l(entry5.o)
    0x00000290   0x00000000   Code   RO         1608    .ARM.Collect$$$$00000008  mc_w.l(entry7b.o)
    0x00000290   0x00000000   Code   RO         1610    .ARM.Collect$$$$0000000A  mc_w.l(entry8b.o)
    0x00000290   0x00000008   Code   RO         1611    .ARM.Collect$$$$0000000B  mc_w.l(entry9a.o)
    0x00000298   0x00000000   Code   RO         1613    .ARM.Collect$$$$0000000D  mc_w.l(entry10a.o)
    0x00000298   0x00000000   Code   RO         1615    .ARM.Collect$$$$0000000F  mc_w.l(entry11a.o)
    0x00000298   0x00000004   Code   RO         1604    .ARM.Collect$$$$00002712  mc_w.l(entry2.o)
    0x0000029c   0x00000006   Code   RO          843    .emb_text           driverlib.lib(sysctl.o)
    0x000002a2   0x00000002   PAD
    0x000002a4   0x00000024   Code   RO         1617    .text               mc_w.l(init.o)
    0x000002c8   0x00000028   Code   RO          516    i.GPIODirModeSet    driverlib.lib(gpio.o)
    0x000002f0   0x0000013a   Code   RO          526    i.GPIOPadConfigSet  driverlib.lib(gpio.o)
    0x0000042a   0x00000002   PAD
    0x0000042c   0x00000048   Code   RO          527    i.GPIOPinConfigure  driverlib.lib(gpio.o)
    0x00000474   0x0000001c   Code   RO          538    i.GPIOPinTypeGPIOOutput  driverlib.lib(gpio.o)
    0x00000490   0x0000001c   Code   RO          553    i.GPIOPinTypeUART   driverlib.lib(gpio.o)
    0x000004ac   0x0000003c   Code   RO          316    i.L1_2_PcToMicro_Init  fbcp.o
    0x000004e8   0x00000050   Code   RO          317    i.L1_2_PcToMicro_Rx_Task  fbcp.o
    0x00000538   0x00000004   Code   RO          318    i.L1_MicroToMicro_Init  fbcp.o
    0x0000053c   0x00000034   Code   RO          319    i.L1_MicroToMicro_RxTask  fbcp.o
    0x00000570   0x0000002c   Code   RO          320    i.L1_MicroToMicro_TxTask  fbcp.o
    0x0000059c   0x00000040   Code   RO          321    i.L7_PcToMicro_Task  fbcp.o
    0x000005dc   0x00000014   Code   RO           74    i.LedBlueOff        led.o
    0x000005f0   0x00000014   Code   RO           75    i.LedBlueOn         led.o
    0x00000604   0x00000014   Code   RO           77    i.LedGreenOff       led.o
    0x00000618   0x00000014   Code   RO           78    i.LedGreenOn        led.o
    0x0000062c   0x0000008c   Code   RO           81    i.LedInit           led.o
    0x000006b8   0x00000016   Code   RO           82    i.LedOff            led.o
    0x000006ce   0x00000002   PAD
    0x000006d0   0x00000014   Code   RO           84    i.LedRedOff         led.o
    0x000006e4   0x00000014   Code   RO           85    i.LedRedOn          led.o
    0x000006f8   0x00000012   Code   RO           89    i.LedWhiteOff       led.o
    0x0000070a   0x00000002   PAD
    0x0000070c   0x00000014   Code   RO          369    i.P1Press           puls.o
    0x00000720   0x00000014   Code   RO          373    i.P2Press           puls.o
    0x00000734   0x000000b0   Code   RO          377    i.PulsInit          puls.o
    0x000007e4   0x00000154   Code   RO          846    i.SysCtlClockGet    driverlib.lib(sysctl.o)
    0x00000938   0x00000120   Code   RO          848    i.SysCtlClockSet    driverlib.lib(sysctl.o)
    0x00000a58   0x00000028   Code   RO          877    i.SysCtlPeripheralEnable  driverlib.lib(sysctl.o)
    0x00000a80   0x0000000c   Code   RO         1197    i.UARTCharGet       driverlib.lib(uart.o)
    0x00000a8c   0x00000010   Code   RO         1198    i.UARTCharGetNonBlocking  driverlib.lib(uart.o)
    0x00000a9c   0x0000000c   Code   RO         1199    i.UARTCharPut       driverlib.lib(uart.o)
    0x00000aa8   0x0000000a   Code   RO         1201    i.UARTCharsAvail    driverlib.lib(uart.o)
    0x00000ab2   0x00000006   Code   RO         1203    i.UARTClockSourceSet  driverlib.lib(uart.o)
    0x00000ab8   0x0000006e   Code   RO         1205    i.UARTConfigSetExpClk  driverlib.lib(uart.o)
    0x00000b26   0x00000002   PAD
    0x00000b28   0x0000005c   Code   RO          450    i.UARTStdioConfig   uartstdio.o
    0x00000b84   0x00000012   Code   RO          453    i.UARTprintf        uartstdio.o
    0x00000b96   0x00000002   PAD
    0x00000b98   0x000001b4   Code   RO          454    i.UARTvprintf       uartstdio.o
    0x00000d4c   0x0000003c   Code   RO          455    i.UARTwrite         uartstdio.o
    0x00000d88   0x00000050   Code   RO          274    i.Uart00_Init       uart.o
    0x00000dd8   0x00000044   Code   RO          275    i.Uart00_Test       uart.o
    0x00000e1c   0x00000058   Code   RO          276    i.Uart01_Init       uart.o
    0x00000e74   0x0000000e   Code   RO         1621    i.__scatterload_copy  mc_w.l(handlers.o)
    0x00000e82   0x00000002   Code   RO         1622    i.__scatterload_null  mc_w.l(handlers.o)
    0x00000e84   0x0000000e   Code   RO         1623    i.__scatterload_zeroinit  mc_w.l(handlers.o)
    0x00000e92   0x00000002   PAD
    0x00000e94   0x00000040   Code   RO            9    i.main              main.o
    0x00000ed4   0x0000001c   Data   RO          456    .constdata          uartstdio.o
    0x00000ef0   0x00000210   Data   RO          560    .constdata          driverlib.lib(gpio.o)
    0x00001100   0x000001c4   Data   RO          898    .constdata          driverlib.lib(sysctl.o)
    0x000012c4   0x00000044   Data   RO          323    .conststring        fbcp.o
    0x00001308   0x00000011   Data   RO          457    .conststring        uartstdio.o
    0x00001319   0x00000003   PAD
    0x0000131c   0x00000020   Data   RO         1619    Region$$Table       anon$$obj.o


    Execution Region ER_RW (Base: 0x20000000, Size: 0x00000010, Max: 0xffffffff, ABSOLUTE)

    Base Addr    Size         Type   Attr      Idx    E Section Name        Object

    0x20000000   0x00000008   Data   RW          324    .data               fbcp.o
    0x20000008   0x00000008   Data   RW          458    .data               uartstdio.o


    Execution Region ER_ZI (Base: 0x20000010, Size: 0x00000600, Max: 0xffffffff, ABSOLUTE)

    Base Addr    Size         Type   Attr      Idx    E Section Name        Object

    0x20000010   0x000003fc   Zero   RW          322    .bss                fbcp.o
    0x2000040c   0x00000004   PAD
    0x20000410   0x00000200   Zero   RW            1    STACK               startup_rvmdk.o


==============================================================================

Image component sizes


      Code (inc. data)   RO Data    RW Data    ZI Data      Debug   Object Name

       304         58         68          8       1020       4431   fbcp.o
       300         44          0          0          0       5631   led.o
        64          6          0          0          0       5603   main.o
       216         30          0          0          0       2304   puls.o
       648        622          0          0        512        332   startup_rvmdk.o
       236         38          0          0          0       1754   uart.o
       606         30         45          8          0       5540   uartstdio.o

    ----------------------------------------------------------------------
      2380        828        148         16       1536      25595   Object Totals
         0          0         32          0          0          0   (incl. Generated)
         6          0          3          0          4          0   (incl. Padding)

    ----------------------------------------------------------------------

      Code (inc. data)   RO Data    RW Data    ZI Data      Debug   Library Member Name

       482          8        528          0          0       6701   gpio.o
       674         58        452          0          0       4175   sysctl.o
       166          0          0          0          0       3914   uart.o
         0          0          0          0          0          0   entry.o
         0          0          0          0          0          0   entry10a.o
         0          0          0          0          0          0   entry11a.o
         8          4          0          0          0          0   entry2.o
         4          0          0          0          0          0   entry5.o
         0          0          0          0          0          0   entry7b.o
         0          0          0          0          0          0   entry8b.o
         8          4          0          0          0          0   entry9a.o
        30          0          0          0          0          0   handlers.o
        36          8          0          0          0         68   init.o

    ----------------------------------------------------------------------
      1416         82        980          0          0      14858   Library Totals
         8          0          0          0          0          0   (incl. Padding)

    ----------------------------------------------------------------------

      Code (inc. data)   RO Data    RW Data    ZI Data      Debug   Library Name

      1322         66        980          0          0      14790   driverlib.lib
        86         16          0          0          0         68   mc_w.l

    ----------------------------------------------------------------------
      1416         82        980          0          0      14858   Library Totals

    ----------------------------------------------------------------------

==============================================================================


      Code (inc. data)   RO Data    RW Data    ZI Data      Debug   

      3796        910       1128         16       1536      37357   Grand Totals
      3796        910       1128         16       1536      37357   ELF Image Totals
      3796        910       1128         16          0          0   ROM Totals

==============================================================================

    Total RO  Size (Code + RO Data)                 4924 (   4.81kB)
    Total RW  Size (RW Data + ZI Data)              1552 (   1.52kB)
    Total ROM Size (Code + RO Data + RW Data)       4940 (   4.82kB)

==============================================================================

