<html>
<body>
<pre>
<h1>µVision Build Log</h1>
<h2>Tool Versions:</h2>
IDE-Version: µVision V5.16a
Copyright (C) 2015 ARM Ltd and ARM Germany GmbH. All rights reserved.
License Information: F B, Erasmo, LIC=----
 
Tool Versions:
Toolchain:       MDK-Lite  Version: 5.16a
Toolchain Path:  C:\Keil_v5\ARM\ARMCC\Bin
C Compiler:      Armcc.exe V5.06 (build 20)
Assembler:       Armasm.exe V5.06 (build 20)
Linker/Locator:  ArmLink.exe V5.06 (build 20)
Library Manager: ArmAr.exe V5.06 (build 20)
Hex Converter:   FromElf.exe V5.06 (build 20)
CPU DLL:         SARMCM3.DLL V5.16a
Dialog DLL:      DCM.DLL V1.13.2.0
Target DLL:      lmidk-agdi.dll V???
Dialog DLL:      TCM.DLL V1.14.5.0
 
<h2>Project:</h2>
C:\Users\Filippo\OneDrive\Dropbox\Lavori\Didattica\ARM Exercise\ARM_PROJECTS_CCS_WS\TM4C123G_C__03_FBCP_A10\Keil\projects.uvprojx
Project File Date:  11/15/2015

<h2>Output:</h2>
*** Using Compiler 'V5.06 (build 20)', folder: 'C:\Keil_v5\ARM\ARMCC\Bin'
Rebuild target 'TM4C123G_Projects'
assembling startup_rvmdk.S...
compiling main.c...
compiling SysTick.c...
compiling Led.c...
compiling FBCP.c...
compiling Uart.c...
compiling uartstdio.c...
compiling Puls.c...
linking...
Program Size: Code=3796 RO-data=1128 RW-data=16 ZI-data=1536  
".\rvmdk\project.axf" - 0 Error(s), 0 Warning(s).

<h2>Collection of Component include folders:</h2>
  C:\Users\Filippo\OneDrive\Dropbox\Lavori\Didattica\ARM Exercise\ARM_PROJECTS_CCS_WS\TM4C123G_C__03_FBCP_A10\Keil\RTE
  C:\Keil_v5\ARM\PACK\Keil\TM4C_DFP\1.0.0\Device\Include\TM4C123

<h2>Collection of Component Files used:</h2>
Build Time Elapsed:  00:00:01
</pre>
</body>
</html>
