******************************************************************************
                  TI ARM Linker PC v5.2.6                      
******************************************************************************
>> Linked Sun Nov 15 10:35:33 2015

OUTPUT FILE NAME:   <TM4C123G_C__01_LedBlink_C1.1.out>
ENTRY POINT SYMBOL: "_c_int00"  address: 0000058d


MEMORY CONFIGURATION

         name            origin    length      used     unused   attr    fill
----------------------  --------  ---------  --------  --------  ----  --------
  FLASH                 00000000   00040000  0000080c  0003f7f4  R  X
  SRAM                  20000000   00008000  00000114  00007eec  RW X


SEGMENT ALLOCATION MAP

run origin  load origin   length   init length attrs members
----------  ----------- ---------- ----------- ----- -------
00000000    00000000    00000810   00000810    r-x
  00000000    00000000    0000026c   0000026c    r-- .intvecs
  0000026c    0000026c    00000580   00000580    r-x .text
  000007f0    000007f0    00000020   00000020    r-- .cinit
20000000    20000000    00000114   00000000    rw-
  20000000    20000000    00000100   00000000    rw- .stack
  20000100    20000100    00000014   00000000    rw- .data


SECTION ALLOCATION MAP

 output                                  attributes/
section   page    origin      length       input sections
--------  ----  ----------  ----------   ----------------
.intvecs   0    00000000    0000026c     
                  00000000    0000026c     tm4c123gh6pm_startup_ccs.obj (.intvecs)

.text      0    0000026c    00000580     
                  0000026c    00000130     driverlib.lib : gpio.obj (.text:GPIOPadConfigSet)
                  0000039c    0000009c     rtsv7M4_T_le_v4SPD16_eabi.lib : memcpy_t2.obj (.text)
                  00000438    0000007a                                   : memset_t2.obj (.text)
                  000004b2    00000002     tm4c123gh6pm_startup_ccs.obj (.text:FaultISR)
                  000004b4    0000006c     rtsv7M4_T_le_v4SPD16_eabi.lib : autoinit.obj (.text)
                  00000520    0000006a                                   : copy_decompress_rle.obj (.text)
                  0000058a    00000002     tm4c123gh6pm_startup_ccs.obj (.text:IntDefaultHandler)
                  0000058c    00000050     rtsv7M4_T_le_v4SPD16_eabi.lib : boot.obj (.text)
                  000005dc    0000004c                                   : cpy_tbl.obj (.text)
                  00000628    00000044                                   : exit.obj (.text)
                  0000066c    00000040     main.obj (.text:main)
                  000006ac    00000034     driverlib.lib : sysctl.obj (.text:SysCtlPeripheralEnable)
                  000006e0    0000002a                   : gpio.obj (.text:GPIODirModeSet)
                  0000070a    00000002     tm4c123gh6pm_startup_ccs.obj (.text:NmiSR)
                  0000070c    00000024     Led_driver.obj (.text:LED_Off)
                  00000730    00000024     Led_driver.obj (.text:LED_On)
                  00000754    00000020     Led_driver.obj (.text:LEDsInit)
                  00000774    00000018     driverlib.lib : gpio.obj (.text:GPIOPinTypeGPIOOutput)
                  0000078c    00000018     rtsv7M4_T_le_v4SPD16_eabi.lib : args_main.obj (.text)
                  000007a4    00000014                                   : _lock.obj (.text)
                  000007b8    00000010     SysTick.obj (.text:DelayMs)
                  000007c8    0000000e     rtsv7M4_T_le_v4SPD16_eabi.lib : copy_decompress_none.obj (.text:decompress:none)
                  000007d6    00000006     driverlib.lib : gpio.obj (.text:GPIOPinWrite)
                  000007dc    00000006     tm4c123gh6pm_startup_ccs.obj (.text:ResetISR)
                  000007e2    00000006     rtsv7M4_T_le_v4SPD16_eabi.lib : copy_decompress_rle.obj (.text:decompress:rle24)
                  000007e8    00000004                                   : pre_init.obj (.text)

.cinit     0    000007f0    00000020     
                  000007f0    0000000f     (.cinit..data.load) [load image, compression = rle]
                  000007ff    00000001     --HOLE-- [fill = 0]
                  00000800    00000008     (__TI_handler_table)
                  00000808    00000008     (__TI_cinit_table)

.init_array 
*          0    00000000    00000000     UNINITIALIZED

.stack     0    20000000    00000100     UNINITIALIZED
                  20000000    00000100     --HOLE--

.data      0    20000100    00000014     UNINITIALIZED
                  20000100    00000008     rtsv7M4_T_le_v4SPD16_eabi.lib : _lock.obj (.data)
                  20000108    00000008                                   : exit.obj (.data)
                  20000110    00000004                                   : stkdepth_vars.obj (.data)

.TI.persistent 
*          0    20000100    00000000     UNINITIALIZED


LINKER GENERATED COPY TABLES

__TI_cinit_table @ 00000808 records: 1, size/record: 8, table size: 8
	.data: load addr=000007f0, load size=0000000f bytes, run addr=20000100, run size=00000014 bytes, compression=rle


LINKER GENERATED HANDLER TABLE

__TI_handler_table @ 00000800 records: 2, size/record: 4, table size: 8
	index: 0, handler: __TI_decompress_rle24
	index: 1, handler: __TI_decompress_none


GLOBAL SYMBOLS: SORTED ALPHABETICALLY BY Name 

address   name                    
-------   ----                    
00000629  C$$EXIT                 
000007b9  DelayMs                 
000006e1  GPIODirModeSet          
0000026d  GPIOPadConfigSet        
00000775  GPIOPinTypeGPIOOutput   
000007d7  GPIOPinWrite            
0000070d  LED_Off                 
00000731  LED_On                  
00000755  LEDsInit                
000007dd  ResetISR                
UNDEFED   SHT$$INIT_ARRAY$$Base   
UNDEFED   SHT$$INIT_ARRAY$$Limit  
000006ad  SysCtlPeripheralEnable  
20000100  __STACK_END             
00000100  __STACK_SIZE            
20000200  __STACK_TOP             
00000808  __TI_CINIT_Base         
00000810  __TI_CINIT_Limit        
00000800  __TI_Handler_Table_Base 
00000808  __TI_Handler_Table_Limit
000004b5  __TI_auto_init          
20000108  __TI_cleanup_ptr        
000007c9  __TI_decompress_none    
000007e3  __TI_decompress_rle24   
2000010c  __TI_dtors_ptr          
00000000  __TI_static_base__      
00000439  __aeabi_memclr          
00000439  __aeabi_memclr4         
00000439  __aeabi_memclr8         
0000039d  __aeabi_memcpy          
0000039d  __aeabi_memcpy4         
0000039d  __aeabi_memcpy8         
0000043b  __aeabi_memset          
0000043b  __aeabi_memset4         
0000043b  __aeabi_memset8         
ffffffff  __binit__               
ffffffff  __c_args__              
20000000  __stack                 
0000078d  _args_main              
0000058d  _c_int00                
20000100  _lock                   
000007b3  _nop                    
000007ab  _register_lock          
000007a5  _register_unlock        
000007e9  _system_pre_init        
20000104  _unlock                 
0000062d  abort                   
ffffffff  binit                   
000005dd  copy_in                 
00000635  exit                    
00000000  g_pfnVectors            
0000066d  main                    
20000110  main_func_sp            
0000039d  memcpy                  
00000441  memset                  


GLOBAL SYMBOLS: SORTED BY Symbol Address 

address   name                    
-------   ----                    
00000000  __TI_static_base__      
00000000  g_pfnVectors            
00000100  __STACK_SIZE            
0000026d  GPIOPadConfigSet        
0000039d  __aeabi_memcpy          
0000039d  __aeabi_memcpy4         
0000039d  __aeabi_memcpy8         
0000039d  memcpy                  
00000439  __aeabi_memclr          
00000439  __aeabi_memclr4         
00000439  __aeabi_memclr8         
0000043b  __aeabi_memset          
0000043b  __aeabi_memset4         
0000043b  __aeabi_memset8         
00000441  memset                  
000004b5  __TI_auto_init          
0000058d  _c_int00                
000005dd  copy_in                 
00000629  C$$EXIT                 
0000062d  abort                   
00000635  exit                    
0000066d  main                    
000006ad  SysCtlPeripheralEnable  
000006e1  GPIODirModeSet          
0000070d  LED_Off                 
00000731  LED_On                  
00000755  LEDsInit                
00000775  GPIOPinTypeGPIOOutput   
0000078d  _args_main              
000007a5  _register_unlock        
000007ab  _register_lock          
000007b3  _nop                    
000007b9  DelayMs                 
000007c9  __TI_decompress_none    
000007d7  GPIOPinWrite            
000007dd  ResetISR                
000007e3  __TI_decompress_rle24   
000007e9  _system_pre_init        
00000800  __TI_Handler_Table_Base 
00000808  __TI_CINIT_Base         
00000808  __TI_Handler_Table_Limit
00000810  __TI_CINIT_Limit        
20000000  __stack                 
20000100  __STACK_END             
20000100  _lock                   
20000104  _unlock                 
20000108  __TI_cleanup_ptr        
2000010c  __TI_dtors_ptr          
20000110  main_func_sp            
20000200  __STACK_TOP             
ffffffff  __binit__               
ffffffff  __c_args__              
ffffffff  binit                   
UNDEFED   SHT$$INIT_ARRAY$$Base   
UNDEFED   SHT$$INIT_ARRAY$$Limit  

[55 symbols]
