******************************************************************************
                  TI ARM Linker PC v5.2.5                      
******************************************************************************
>> Linked Fri Nov 13 08:51:50 2015

OUTPUT FILE NAME:   <TM4C123GH6PM_C__00_LedBlink.out>
ENTRY POINT SYMBOL: "_c_int00"  address: 0000062d


MEMORY CONFIGURATION

         name            origin    length      used     unused   attr    fill
----------------------  --------  ---------  --------  --------  ----  --------
  FLASH                 00000000   00040000  0000077c  0003f884  R  X
  SRAM                  20000000   00008000  00000214  00007dec  RW X


SEGMENT ALLOCATION MAP

run origin  load origin   length   init length attrs members
----------  ----------- ---------- ----------- ----- -------
00000000    00000000    00000780   00000780    r-x
  00000000    00000000    0000026c   0000026c    r-- .intvecs
  0000026c    0000026c    000004f0   000004f0    r-x .text
  00000760    00000760    00000020   00000020    r-- .cinit
20000000    20000000    00000214   00000000    rw-
  20000000    20000000    00000200   00000000    rw- .stack
  20000200    20000200    00000014   00000000    rw- .data


SECTION ALLOCATION MAP

 output                                  attributes/
section   page    origin      length       input sections
--------  ----  ----------  ----------   ----------------
.intvecs   0    00000000    0000026c     
                  00000000    0000026c     tm4c123gh6pm_startup_ccs.obj (.intvecs)

.text      0    0000026c    000004f0     
                  0000026c    00000168     Gpio.obj (.text)
                  000003d4    0000009c     rtsv7M4_T_le_v4SPD16_eabi.lib : memcpy_t2.obj (.text)
                  00000470    0000007a                                   : memset_t2.obj (.text)
                  000004ea    00000002     --HOLE-- [fill = 0]
                  000004ec    0000006c                                   : autoinit.obj (.text)
                  00000558    0000006a                                   : copy_decompress_rle.obj (.text)
                  000005c2    00000002     --HOLE-- [fill = 0]
                  000005c4    00000068     main.obj (.text)
                  0000062c    00000050     rtsv7M4_T_le_v4SPD16_eabi.lib : boot.obj (.text)
                  0000067c    0000004c                                   : cpy_tbl.obj (.text)
                  000006c8    00000044                                   : exit.obj (.text)
                  0000070c    00000018                                   : args_main.obj (.text)
                  00000724    00000014                                   : _lock.obj (.text)
                  00000738    0000000e                                   : copy_decompress_none.obj (.text:decompress:none)
                  00000746    0000000c     tm4c123gh6pm_startup_ccs.obj (.text)
                  00000752    00000006     rtsv7M4_T_le_v4SPD16_eabi.lib : copy_decompress_rle.obj (.text:decompress:rle24)
                  00000758    00000004                                   : pre_init.obj (.text)

.cinit     0    00000760    00000020     
                  00000760    0000000f     (.cinit..data.load) [load image, compression = rle]
                  0000076f    00000001     --HOLE-- [fill = 0]
                  00000770    00000008     (__TI_handler_table)
                  00000778    00000008     (__TI_cinit_table)

.init_array 
*          0    00000000    00000000     UNINITIALIZED

.stack     0    20000000    00000200     UNINITIALIZED
                  20000000    00000200     --HOLE--

.data      0    20000200    00000014     UNINITIALIZED
                  20000200    00000008     rtsv7M4_T_le_v4SPD16_eabi.lib : _lock.obj (.data)
                  20000208    00000008                                   : exit.obj (.data)
                  20000210    00000004                                   : stkdepth_vars.obj (.data)

.TI.persistent 
*          0    20000200    00000000     UNINITIALIZED


LINKER GENERATED COPY TABLES

__TI_cinit_table @ 00000778 records: 1, size/record: 8, table size: 8
	.data: load addr=00000760, load size=0000000f bytes, run addr=20000200, run size=00000014 bytes, compression=rle


LINKER GENERATED HANDLER TABLE

__TI_handler_table @ 00000770 records: 2, size/record: 4, table size: 8
	index: 0, handler: __TI_decompress_rle24
	index: 1, handler: __TI_decompress_none


GLOBAL SYMBOLS: SORTED ALPHABETICALLY BY Name 

address   name                    
-------   ----                    
000006c9  C$$EXIT                 
0000026d  GpioInitPortF           
00000361  GpioRead                
000002db  GpioSet                 
0000037b  GpioWrite               
00000747  ResetISR                
UNDEFED   SHT$$INIT_ARRAY$$Base   
UNDEFED   SHT$$INIT_ARRAY$$Limit  
00000601  SoftDelay               
20000200  __STACK_END             
00000200  __STACK_SIZE            
20000200  __STACK_TOP             
00000778  __TI_CINIT_Base         
00000780  __TI_CINIT_Limit        
00000770  __TI_Handler_Table_Base 
00000778  __TI_Handler_Table_Limit
000004ed  __TI_auto_init          
20000208  __TI_cleanup_ptr        
00000739  __TI_decompress_none    
00000753  __TI_decompress_rle24   
2000020c  __TI_dtors_ptr          
00000000  __TI_static_base__      
00000471  __aeabi_memclr          
00000471  __aeabi_memclr4         
00000471  __aeabi_memclr8         
000003d5  __aeabi_memcpy          
000003d5  __aeabi_memcpy4         
000003d5  __aeabi_memcpy8         
00000473  __aeabi_memset          
00000473  __aeabi_memset4         
00000473  __aeabi_memset8         
ffffffff  __binit__               
ffffffff  __c_args__              
20000000  __stack                 
0000070d  _args_main              
0000062d  _c_int00                
20000200  _lock                   
00000733  _nop                    
0000072b  _register_lock          
00000725  _register_unlock        
00000759  _system_pre_init        
20000204  _unlock                 
000006cd  abort                   
ffffffff  binit                   
0000067d  copy_in                 
000006d5  exit                    
00000000  g_pfnVectors            
000005c5  main                    
20000210  main_func_sp            
000003d5  memcpy                  
00000479  memset                  


GLOBAL SYMBOLS: SORTED BY Symbol Address 

address   name                    
-------   ----                    
00000000  __TI_static_base__      
00000000  g_pfnVectors            
00000200  __STACK_SIZE            
0000026d  GpioInitPortF           
000002db  GpioSet                 
00000361  GpioRead                
0000037b  GpioWrite               
000003d5  __aeabi_memcpy          
000003d5  __aeabi_memcpy4         
000003d5  __aeabi_memcpy8         
000003d5  memcpy                  
00000471  __aeabi_memclr          
00000471  __aeabi_memclr4         
00000471  __aeabi_memclr8         
00000473  __aeabi_memset          
00000473  __aeabi_memset4         
00000473  __aeabi_memset8         
00000479  memset                  
000004ed  __TI_auto_init          
000005c5  main                    
00000601  SoftDelay               
0000062d  _c_int00                
0000067d  copy_in                 
000006c9  C$$EXIT                 
000006cd  abort                   
000006d5  exit                    
0000070d  _args_main              
00000725  _register_unlock        
0000072b  _register_lock          
00000733  _nop                    
00000739  __TI_decompress_none    
00000747  ResetISR                
00000753  __TI_decompress_rle24   
00000759  _system_pre_init        
00000770  __TI_Handler_Table_Base 
00000778  __TI_CINIT_Base         
00000778  __TI_Handler_Table_Limit
00000780  __TI_CINIT_Limit        
20000000  __stack                 
20000200  __STACK_END             
20000200  __STACK_TOP             
20000200  _lock                   
20000204  _unlock                 
20000208  __TI_cleanup_ptr        
2000020c  __TI_dtors_ptr          
20000210  main_func_sp            
ffffffff  __binit__               
ffffffff  __c_args__              
ffffffff  binit                   
UNDEFED   SHT$$INIT_ARRAY$$Base   
UNDEFED   SHT$$INIT_ARRAY$$Limit  

[51 symbols]
