******************************************************************************
                  TI ARM Linker PC v5.2.6                      
******************************************************************************
>> Linked Sun Nov 15 13:12:32 2015

OUTPUT FILE NAME:   <TM4C123G_C__01_LedBlink_C1.2.out>
ENTRY POINT SYMBOL: "_c_int00"  address: 00000b89


MEMORY CONFIGURATION

         name            origin    length      used     unused   attr    fill
----------------------  --------  ---------  --------  --------  ----  --------
  FLASH                 00000000   00040000  00000f8c  0003f074  R  X
  SRAM                  20000000   00008000  00000214  00007dec  RW X


SEGMENT ALLOCATION MAP

run origin  load origin   length   init length attrs members
----------  ----------- ---------- ----------- ----- -------
00000000    00000000    00000f90   00000f90    r-x
  00000000    00000000    0000026c   0000026c    r-- .intvecs
  0000026c    0000026c    00000c04   00000c04    r-x .text
  00000e70    00000e70    000000fc   000000fc    r-- .const
  00000f70    00000f70    00000020   00000020    r-- .cinit
20000000    20000000    00000214   00000000    rw-
  20000000    20000000    00000200   00000000    rw- .stack
  20000200    20000200    00000014   00000000    rw- .data


SECTION ALLOCATION MAP

 output                                  attributes/
section   page    origin      length       input sections
--------  ----  ----------  ----------   ----------------
.intvecs   0    00000000    0000026c     
                  00000000    0000026c     tm4c1231h6pm_startup_ccs.obj (.intvecs)

.text      0    0000026c    00000c04     
                  0000026c    00000374     Led.obj (.text)
                  000005e0    00000130     driverlib.lib : gpio.obj (.text:GPIOPadConfigSet)
                  00000710    0000010c                   : sysctl.obj (.text:SysCtlClockGet)
                  0000081c    000000f0                   : sysctl.obj (.text:SysCtlClockSet)
                  0000090c    0000009c     rtsv7M4_T_le_v4SPD16_eabi.lib : memcpy_t2.obj (.text)
                  000009a8    0000008c     Uart.obj (.text)
                  00000a34    0000007a     rtsv7M4_T_le_v4SPD16_eabi.lib : memset_t2.obj (.text)
                  00000aae    00000002     --HOLE-- [fill = 0]
                  00000ab0    0000006c                                   : autoinit.obj (.text)
                  00000b1c    0000006a                                   : copy_decompress_rle.obj (.text)
                  00000b86    00000002     --HOLE-- [fill = 0]
                  00000b88    00000050                                   : boot.obj (.text)
                  00000bd8    0000004c                                   : cpy_tbl.obj (.text)
                  00000c24    00000048     driverlib.lib : gpio.obj (.text:GPIOPinConfigure)
                  00000c6c    00000044     rtsv7M4_T_le_v4SPD16_eabi.lib : exit.obj (.text)
                  00000cb0    00000042     driverlib.lib : uart.obj (.text:UARTConfigSetExpClk)
                  00000cf2    00000002     --HOLE-- [fill = 0]
                  00000cf4    00000034                   : sysctl.obj (.text:SysCtlPeripheralEnable)
                  00000d28    00000032     main.obj (.text)
                  00000d5a    0000002a     driverlib.lib : gpio.obj (.text:GPIODirModeSet)
                  00000d84    00000028     SysTick.obj (.text)
                  00000dac    0000001c     driverlib.lib : uart.obj (.text:UARTDisable)
                  00000dc8    00000018                   : gpio.obj (.text:GPIOPinTypeGPIOOutput)
                  00000de0    00000018     rtsv7M4_T_le_v4SPD16_eabi.lib : args_main.obj (.text)
                  00000df8    00000014     driverlib.lib : uart.obj (.text:UARTEnable)
                  00000e0c    00000014     rtsv7M4_T_le_v4SPD16_eabi.lib : _lock.obj (.text)
                  00000e20    00000012     driverlib.lib : gpio.obj (.text:GPIOPinTypeUART)
                  00000e32    0000000e     rtsv7M4_T_le_v4SPD16_eabi.lib : copy_decompress_none.obj (.text:decompress:none)
                  00000e40    0000000c     tm4c1231h6pm_startup_ccs.obj (.text)
                  00000e4c    0000000a     driverlib.lib : uart.obj (.text:UARTCharGet)
                  00000e56    0000000a                   : uart.obj (.text:UARTCharPut)
                  00000e60    00000006                   : sysctl.obj (.text:SysCtlDelay)
                  00000e66    00000006     rtsv7M4_T_le_v4SPD16_eabi.lib : copy_decompress_rle.obj (.text:decompress:rle24)
                  00000e6c    00000004                                   : pre_init.obj (.text)

.const     0    00000e70    000000fc     
                  00000e70    00000090     driverlib.lib : gpio.obj (.const:g_pui32GPIOBaseAddrs)
                  00000f00    0000006c                   : sysctl.obj (.const:g_pui32Xtals)

.cinit     0    00000f70    00000020     
                  00000f70    0000000f     (.cinit..data.load) [load image, compression = rle]
                  00000f7f    00000001     --HOLE-- [fill = 0]
                  00000f80    00000008     (__TI_handler_table)
                  00000f88    00000008     (__TI_cinit_table)

.init_array 
*          0    00000000    00000000     UNINITIALIZED

.stack     0    20000000    00000200     UNINITIALIZED
                  20000000    00000200     --HOLE--

.data      0    20000200    00000014     UNINITIALIZED
                  20000200    00000008     rtsv7M4_T_le_v4SPD16_eabi.lib : _lock.obj (.data)
                  20000208    00000008                                   : exit.obj (.data)
                  20000210    00000004                                   : stkdepth_vars.obj (.data)

.TI.persistent 
*          0    20000200    00000000     UNINITIALIZED


LINKER GENERATED COPY TABLES

__TI_cinit_table @ 00000f88 records: 1, size/record: 8, table size: 8
	.data: load addr=00000f70, load size=0000000f bytes, run addr=20000200, run size=00000014 bytes, compression=rle


LINKER GENERATED HANDLER TABLE

__TI_handler_table @ 00000f80 records: 2, size/record: 4, table size: 8
	index: 0, handler: __TI_decompress_rle24
	index: 1, handler: __TI_decompress_none


GLOBAL SYMBOLS: SORTED ALPHABETICALLY BY Name 

address   name                    
-------   ----                    
00000c6d  C$$EXIT                 
00000d85  DelayMs                 
00000d5b  GPIODirModeSet          
000005e1  GPIOPadConfigSet        
00000c25  GPIOPinConfigure        
00000dc9  GPIOPinTypeGPIOOutput   
00000e21  GPIOPinTypeUART         
00000567  Led0Off                 
0000055f  Led0On                  
0000056f  Led0Toggle              
0000057f  Led1Off                 
00000577  Led1On                  
00000587  Led1Toggle              
00000597  Led2Off                 
0000058f  Led2On                  
0000059f  Led2Toggle              
000005af  Led3Off                 
000005a7  Led3On                  
000005b7  Led3Toggle              
0000030b  LedBlink                
000004f3  LedBlueOff              
000004e7  LedBlueOn               
000004ff  LedBlueToggle           
00000517  LedGreenOff             
0000050b  LedGreenOn              
00000523  LedGreenToggle          
00000473  LedHex                  
0000026d  LedInit                 
000002f7  LedOff                  
000002e3  LedOn                   
000004cf  LedRedOff               
000004c3  LedRedOn                
000004db  LedRedToggle            
00000355  LedTest                 
000003f9  LedTest2                
0000053f  LedWhiteOff             
0000052f  LedWhiteOn              
0000054f  LedWhiteToggle          
00000e41  ResetISR                
UNDEFED   SHT$$INIT_ARRAY$$Base   
UNDEFED   SHT$$INIT_ARRAY$$Limit  
00000711  SysCtlClockGet          
0000081d  SysCtlClockSet          
00000e61  SysCtlDelay             
00000cf5  SysCtlPeripheralEnable  
00000e4d  UARTCharGet             
00000e57  UARTCharPut             
00000cb1  UARTConfigSetExpClk     
00000dad  UARTDisable             
00000df9  UARTEnable              
000009a9  UartInit                
000009e9  UartTest                
20000200  __STACK_END             
00000200  __STACK_SIZE            
20000200  __STACK_TOP             
00000f88  __TI_CINIT_Base         
00000f90  __TI_CINIT_Limit        
00000f80  __TI_Handler_Table_Base 
00000f88  __TI_Handler_Table_Limit
00000ab1  __TI_auto_init          
20000208  __TI_cleanup_ptr        
00000e33  __TI_decompress_none    
00000e67  __TI_decompress_rle24   
2000020c  __TI_dtors_ptr          
00000000  __TI_static_base__      
00000a35  __aeabi_memclr          
00000a35  __aeabi_memclr4         
00000a35  __aeabi_memclr8         
0000090d  __aeabi_memcpy          
0000090d  __aeabi_memcpy4         
0000090d  __aeabi_memcpy8         
00000a37  __aeabi_memset          
00000a37  __aeabi_memset4         
00000a37  __aeabi_memset8         
ffffffff  __binit__               
ffffffff  __c_args__              
20000000  __stack                 
00000de1  _args_main              
00000b89  _c_int00                
20000200  _lock                   
00000e1b  _nop                    
00000e13  _register_lock          
00000e0d  _register_unlock        
00000e6d  _system_pre_init        
20000204  _unlock                 
00000c71  abort                   
ffffffff  binit                   
00000bd9  copy_in                 
00000c79  exit                    
00000000  g_pfnVectors            
00000d29  main                    
20000210  main_func_sp            
0000090d  memcpy                  
00000a3d  memset                  


GLOBAL SYMBOLS: SORTED BY Symbol Address 

address   name                    
-------   ----                    
00000000  __TI_static_base__      
00000000  g_pfnVectors            
00000200  __STACK_SIZE            
0000026d  LedInit                 
000002e3  LedOn                   
000002f7  LedOff                  
0000030b  LedBlink                
00000355  LedTest                 
000003f9  LedTest2                
00000473  LedHex                  
000004c3  LedRedOn                
000004cf  LedRedOff               
000004db  LedRedToggle            
000004e7  LedBlueOn               
000004f3  LedBlueOff              
000004ff  LedBlueToggle           
0000050b  LedGreenOn              
00000517  LedGreenOff             
00000523  LedGreenToggle          
0000052f  LedWhiteOn              
0000053f  LedWhiteOff             
0000054f  LedWhiteToggle          
0000055f  Led0On                  
00000567  Led0Off                 
0000056f  Led0Toggle              
00000577  Led1On                  
0000057f  Led1Off                 
00000587  Led1Toggle              
0000058f  Led2On                  
00000597  Led2Off                 
0000059f  Led2Toggle              
000005a7  Led3On                  
000005af  Led3Off                 
000005b7  Led3Toggle              
000005e1  GPIOPadConfigSet        
00000711  SysCtlClockGet          
0000081d  SysCtlClockSet          
0000090d  __aeabi_memcpy          
0000090d  __aeabi_memcpy4         
0000090d  __aeabi_memcpy8         
0000090d  memcpy                  
000009a9  UartInit                
000009e9  UartTest                
00000a35  __aeabi_memclr          
00000a35  __aeabi_memclr4         
00000a35  __aeabi_memclr8         
00000a37  __aeabi_memset          
00000a37  __aeabi_memset4         
00000a37  __aeabi_memset8         
00000a3d  memset                  
00000ab1  __TI_auto_init          
00000b89  _c_int00                
00000bd9  copy_in                 
00000c25  GPIOPinConfigure        
00000c6d  C$$EXIT                 
00000c71  abort                   
00000c79  exit                    
00000cb1  UARTConfigSetExpClk     
00000cf5  SysCtlPeripheralEnable  
00000d29  main                    
00000d5b  GPIODirModeSet          
00000d85  DelayMs                 
00000dad  UARTDisable             
00000dc9  GPIOPinTypeGPIOOutput   
00000de1  _args_main              
00000df9  UARTEnable              
00000e0d  _register_unlock        
00000e13  _register_lock          
00000e1b  _nop                    
00000e21  GPIOPinTypeUART         
00000e33  __TI_decompress_none    
00000e41  ResetISR                
00000e4d  UARTCharGet             
00000e57  UARTCharPut             
00000e61  SysCtlDelay             
00000e67  __TI_decompress_rle24   
00000e6d  _system_pre_init        
00000f80  __TI_Handler_Table_Base 
00000f88  __TI_CINIT_Base         
00000f88  __TI_Handler_Table_Limit
00000f90  __TI_CINIT_Limit        
20000000  __stack                 
20000200  __STACK_END             
20000200  __STACK_TOP             
20000200  _lock                   
20000204  _unlock                 
20000208  __TI_cleanup_ptr        
2000020c  __TI_dtors_ptr          
20000210  main_func_sp            
ffffffff  __binit__               
ffffffff  __c_args__              
ffffffff  binit                   
UNDEFED   SHT$$INIT_ARRAY$$Base   
UNDEFED   SHT$$INIT_ARRAY$$Limit  

[94 symbols]
